=== HAL EarningsPerShareDiluted (first filed per period) 2021-12..2024-12 ===
   ('2022-01-01', '2022-03-31') 89 290000 2023-04-26 10-Q
   ('2022-01-01', '2022-06-30') 180 410000 2023-07-26 10-Q
   ('2022-04-01', '2022-06-30') 90 120000 2023-07-26 10-Q
   ('2022-01-01', '2022-09-30') 272 1010000 2022-10-26 10-Q
   ('2022-07-01', '2022-09-30') 91 600000 2022-10-26 10-Q
   ('2023-01-01', '2023-03-31') 89 720000 2023-04-26 10-Q
   ('2023-01-01', '2023-06-30') 180 1390000 2023-07-26 10-Q
   ('2023-04-01', '2023-06-30') 90 680000 2023-07-26 10-Q
   ('2023-01-01', '2023-09-30') 272 2190000 2023-10-25 10-Q
   ('2023-07-01', '2023-09-30') 91 790000 2023-10-25 10-Q
   ('2024-01-01', '2024-03-31') 90 680000 2024-04-24 10-Q
   ('2024-01-01', '2024-06-30') 181 1480000 2024-07-29 10-Q
   ('2024-04-01', '2024-06-30') 90 800000 2024-07-29 10-Q
   ('2024-01-01', '2024-09-30') 273 2130000 2024-11-07 10-Q
   ('2024-07-01', '2024-09-30') 91 650000 2024-11-07 10-Q
  all filings for Q3 2023 (2023-07-01..2023-09-30): [(790000, '2023-10-25', '10-Q'), (790000, '2024-11-07', '10-Q')]
   NetIncomeLoss [('2022-03-31', 263000000, '2022-04-22'), ('2022-06-30', 109000000, '2022-07-22'), ('2022-09-30', 544000000, '2022-10-26'), ('2023-03-31', 651000000, '2023-04-26'), ('2023-06-30', 610000000, '2023-07-26'), ('2023-09-30', 716000000, '2023-10-25'), ('2024-03-31', 606000000, '2024-04-24'), ('2024-06-30', 709000000, '2024-07-29'), ('2024-09-30', 571000000, '2024-11-07')]
   WeightedAverageNumberOfDilutedSharesOutstanding [('2022-03-31', 903000000, '2022-04-22'), ('2022-06-30', 909000000, '2022-07-22'), ('2022-09-30', 910000000, '2022-10-26'), ('2023-03-31', 907000000, '2023-04-26'), ('2023-06-30', 903000000, '2023-07-26'), ('2023-09-30', 902000000, '2023-10-25'), ('2024-03-31', 891000000, '2024-04-24'), ('2024-06-30', 886000000, '2024-07-29'), ('2024-09-30', 881000000, '2024-11-07')]

=== cover vs weighted diluted (quarterly) — target tickers ===
PKG wa: [('2023-03-31', 89400000, '2023-05-03'), ('2023-06-30', 89500000, '2023-08-04')]
   cover: [('2023-02-17', 89693421, '2023-02-23'), ('2023-04-28', 89932185000, '2023-05-03'), ('2023-07-28', 89915081, '2023-08-04')]
TER wa: [('2023-07-02', 164751000, '2023-08-04'), ('2023-10-01', 164050, '2023-11-03')]
   cover: [('2023-07-31', 154013736, '2023-08-04'), ('2023-10-30', 152878728, '2023-11-03'), ('2024-02-16', 153080607, '2024-02-22')]
DLR wa: [('2022-03-31', 285025, '2022-05-06'), ('2022-06-30', 285110000, '2022-08-05'), ('2022-09-30', 296415000, '2022-11-04'), ('2023-03-31', 303065, '2023-05-04'), ('2023-06-30', 306819000, '2023-08-04')]
   cover: [('2022-02-22', 284469103, '2022-02-25'), ('2022-05-03', 284672362, '2022-05-06'), ('2022-08-03', 287407842, '2022-08-05'), ('2022-11-02', 287522275, '2022-11-04'), ('2023-02-21', 291157152, '2023-02-27'), ('2023-05-01', 291347088, '2023-05-04'), ('2023-08-01', 302709295, '2023-08-04')]
CCL wa: [('2022-08-31', 1185000, '2022-09-30'), ('2023-02-28', 1260000000, '2023-03-29')]
   cover: [('2022-06-21', 994616187, '2022-06-29'), ('2022-09-22', 1112706805, '2022-09-30'), ('2023-01-12', 1113479515, '2023-01-27')]
CMG wa: [('2022-03-31', 28301000, '2022-04-28'), ('2022-06-30', 28092000, '2022-07-27')]
   cover: [('2022-02-04', 28031948, '2022-02-11'), ('2022-04-25', 27962, '2022-04-28'), ('2022-07-25', 27764647, '2022-07-27')]
FOX wa: [('2019-03-31', 621000000, '2019-05-10'), ('2019-09-30', 624000000, '2019-11-06')]
   cover: [('2019-03-18', 1, '2019-03-18')]
SPG wa: [('2012-06-30', 303253401, '2012-08-08'), ('2012-09-30', 304108559, '2012-11-07'), ('2012-12-31', 303138422, '2013-02-28'), ('2013-03-31', 309986709, '2013-05-08')]
   cover: []

=== scan: quarterly weighted diluted < 1e7 (unit suspects) and cover/wa ratio bands on wa >= 1e7 ===
wa < 1e7: 106
   ('AXP', 'CARD', '2019-03-31', 843, 835080540, 990605.6)
   ('CCL', '', '2022-08-31', 1185000, 1112706805, 939.0)
   ('CEG', '', '2021-03-31', 0, None, None)
   ('CEG', '', '2021-06-30', 0, None, None)
   ('CEG', '', '2021-09-30', 0, None, None)
   ('CHD', '', '2022-06-30', 246.4, 242909366, 985833.5)
   ('CHD', '', '2022-09-30', 246, 243868347, 991334.7)
   ('COHR', '', '2020-03-31', 93435, 91252259, 976.6)
   ('COP', 'CARD', '2016-03-31', 1244557, 1238387216, 995.0)
   ('COP', 'CARD', '2016-06-30', 1244892, 1238505159, 994.9)
   ('COP', 'CARD', '2016-09-30', 1245961, 1239027409, 994.4)
   ('COP', 'CARD', '2017-03-31', 1248722, 1237103953, 990.7)
   ('COP', 'CARD', '2018-03-31', 1186454, 1170066208, 986.2)
   ('COP', 'CARD', '2018-06-30', 1181167, 1162095308, 983.9)
   ('COP', 'CARD', '2018-09-30', 1172694, 1151241888, 981.7)
   ('COP', 'CARD', '2019-03-31', 1146515, 1130175935, 985.7)
   ('COP', 'CARD', '2019-06-30', 1131242, 1110141595, 981.3)
   ('COP', 'CARD', '2019-09-30', 1113250, 1097268667, 985.6)
   ('COP', 'CARD', '2020-03-31', 1084561, 1072425162, 988.8)
   ('COP', 'CARD', '2021-03-31', 1302691, 1349418454, 1035.9)
   ('DLR', '', '2022-03-31', 285025, 284672362, 998.8)
   ('DLR', '', '2023-03-31', 303065, 291347088, 961.3)
   ('ECHO', '', '2024-03-31', 271519, None, None)
   ('ECHO', '', '2024-06-30', 271592, None, None)
   ('ECHO', '', '2024-09-30', 271736, None, None)
   ('ECHO', '', '2025-03-31', 286513, None, None)
   ('ECHO', '', '2025-06-30', 287505, None, None)
   ('ECHO', '', '2025-09-30', 288051, None, None)
   ('EXE', '', '2020-03-31', 9753000, 9783101, 1.0)
   ('EXE', '', '2020-06-30', 9779000, 9780335, 1.0)
   ('EXE', '', '2020-09-30', 9780000, 9780371, 1.0)
   ('FDS', '', '2019-08-31', 39056, 37944709, 971.5)
   ('GRMN', '', '2017-04-01', 189031, 198077418, 1047.9)
   ('GRMN', '', '2017-07-01', 188492, 198077418, 1050.9)
   ('GRMN', '', '2017-09-30', 188490, 198077418, 1050.9)
   ('GRMN', '', '2019-03-30', 190599, 198077418, 1039.2)
   ('ICE', '', '2016-03-31', 0, 119045641, None)
   ('ICE', '', '2016-06-30', 0, 119133837, None)
   ('INCY', '', '2016-03-31', 192625, 187619384, 974.0)
   ('INCY', '', '2016-06-30', 193015, 188002918, 974.0)
   ('KDP', '', '2016-12-24', 8200000, 183094247, 22.3)
   ('KDP', '', '2017-12-31', 8200000, 179744078, 21.9)
   ('KO', 'CARD', '2018-03-30', 4306, 4255262604, 988217.0)
   ('KO', 'CARD', '2018-06-29', 4290, 4252922447, 991357.2)
   ('KO', 'CARD', '2018-09-28', 4295, 4256513898, 991039.3)
   ('KO', 'CARD', '2019-03-29', 4306, 4266115111, 990737.4)
   ('MCD', 'CARD', '2024-03-31', 725.9, 720681656, 992811.2)
   ('MCD', 'CARD', '2024-06-30', 722, 717343247, 993550.2)
   ('MCD', 'CARD', '2024-09-30', 720, 716619686, 995305.1)
   ('MCD', 'CARD', '2025-03-31', 718.2, 715032727, 995590.0)
   ('MCD', 'CARD', '2025-06-30', 717.6, 713604434, 994432.0)
   ('MCD', 'CARD', '2025-09-30', 715.9, 712154350, 994767.9)
   ('MCD', 'CARD', '2026-03-31', 713.5, 710505859, 995803.6)
   ('MCD', 'CARD', '2026-06-30', 711.1, 707641531, 995136.5)
   ('MDLZ', '', '2016-03-31', 1587, 1552060693, 977984.1)
   ('NVR', '', '2016-03-31', 4135000, 3896889, 0.9)
   ('NVR', '', '2016-06-30', 4165000, 3895960, 0.9)
   ('NVR', '', '2016-09-30', 4125000, 3790395, 0.9)
   ('NVR', '', '2017-03-31', 4097000, 3747778, 0.9)
   ('NVR', '', '2017-06-30', 4202000, 3743620, 0.9)
   ('NVR', '', '2017-09-30', 4263000, 3739858, 0.9)
   ('NVR', '', '2018-03-31', 4220000, 3622605, 0.9)
   ('NVR', '', '2018-06-30', 4142000, 3627049, 0.9)
   ('NVR', '', '2018-09-30', 4056000, 3614947, 0.9)
   ('NVR', '', '2019-03-31', 3955000, 3590137, 0.9)
   ('NVR', '', '2019-06-30', 3959000, 3655268, 0.9)
   ('NVR', '', '2019-09-30', 3988000, 3694905, 0.9)
   ('NVR', '', '2020-03-31', 3908000, 3680823, 0.9)
   ('NVR', '', '2020-06-30', 3861000, 3702385, 1.0)
   ('NVR', '', '2020-09-30', 3939000, 3720432, 0.9)
   ('NVR', '', '2021-03-31', 3935000, 3636606, 0.9)
   ('NVR', '', '2021-06-30', 3897000, 3563782, 0.9)
   ('NVR', '', '2021-09-30', 3842000, 3482747, 0.9)
   ('NVR', '', '2022-03-31', 3655517, 3289666, 0.9)
   ('NVR', '', '2022-06-30', 3504304, 3282665, 0.9)
   ('NVR', '', '2022-09-30', 3471387, 3195887, 0.9)
   ('NVR', '', '2023-03-31', 3447474, None, None)
   ('NVR', '', '2023-06-30', 3466936, 3264331, 0.9)
   ('NVR', '', '2023-09-30', 3458142, 3179030, 0.9)
   ('NVR', '', '2024-03-31', 3386946, 3132373, 0.9)
   ('NVR', '', '2024-06-30', 3321654, 3077593, 0.9)
   ('NVR', '', '2024-09-30', 3289924, 3063876, 0.9)
   ('NVR', '', '2025-03-31', 3159009, 2923831, 0.9)
   ('NVR', '', '2025-06-30', 3074869, 2869801, 0.9)
   ('NVR', '', '2025-09-30', 3050720, 2839432, 0.9)
   ('NVR', '', '2026-03-31', 2927581, 2699292, 0.9)
   ('NVR', '', '2026-06-30', 2816295, 2664860, 0.9)
   ('PCAR', '', '2019-03-31', 347.8, 346443375, 996099.4)
   ('PCAR', '', '2019-06-30', 347.7, 346369155, 996172.4)
   ('PSKY', '', '2025-03-31', 1000, 1000, 1.0)
   ('PSKY', '', '2025-06-30', 1000, 1000, 1.0)
   ('SW', '', '2024-06-30', 4803, 519358323, 108132.1)
   ('TER', '', '2023-10-01', 164050, 152878728, 931.9)
   ('TPL', '', '2020-03-31', 7756156, None, None)
   ('TPL', '', '2020-06-30', 7756156, None, None)
   ('TPL', '', '2020-09-30', 7756156, None, None)
   ('TPL', '', '2021-03-31', 7756156, 7756156, 1.0)
   ('TPL', '', '2021-06-30', 7755886, 7752464, 1.0)
   ('TPL', '', '2021-09-30', 7751329, 7746141, 1.0)
   ('TPL', '', '2022-03-31', 7742710, 7741720, 1.0)
   ('TPL', '', '2022-06-30', 7737112, 7722371, 1.0)
   ('TPL', '', '2022-09-30', 7720221, 7704496, 1.0)
   ('TPL', '', '2023-03-31', 7698398, 7692178, 1.0)
   ('TPL', '', '2023-06-30', 7690950, 7677756, 1.0)
   ('TPL', '', '2023-09-30', 7681774, 7674867, 1.0)
   ('UDR', '', '2017-12-31', 269221, 268160029, 996.1)
wa >= 1e7 but cover/wa in draft bands (draft (b) would scale wa up — PKG-type): 9
   ('GRMN', '', '2016-03-26', 189651000, 208077418000, 1097.2)
   ('GRMN', '', '2016-06-25', 189356000, 208077418000, 1098.9)
   ('GRMN', '', '2016-09-24', 189238000, 198077418000, 1046.7)
   ('GRMN', '', '2018-06-30', 189461000, 198077418000, 1045.5)
   ('GRMN', '', '2018-09-29', 190005000, 198077418000, 1042.5)
   ('PKG', '', '2023-03-31', 89400000, 89932185000, 1006.0)
   ('PKG', '', '2024-03-31', 89400000, 89797979000, 1004.5)
   ('YUM', '', '2016-09-03', 398000000, 367005511000000, 922124.4)
   ('YUM', '', '2016-09-30', 395000000, 367005511000000, 929127.9)
