=== GD at asof 2018-07-31 ===
state 2018-07-25 tags RevenueFromContractWithCustomerExcludingAssessedTax(6)+Revenues(121)
  q 2016-07-03 2016-04-04 7665 2016-07-27
  q 2016-10-02 2016-07-04 7731 2016-10-26
  q 2016-12-31 2016-10-02 8233 2017-02-06
  q 2017-04-02 2017-01-01 7441 2017-04-26
  q 2017-07-02 2017-04-03 7675 2017-07-26
  q 2017-10-01 2017-07-03 7580 2017-10-25
  q 2017-12-31 2017-10-01 -7078 2018-02-12
  q 2018-04-01 2018-01-01 7535 2018-04-25
  q 2018-07-01 2018-04-02 9186 2018-07-25
  ttm 2016-12-31 31353 2017-02-06
  ttm 2017-04-02 31070 2017-04-26
  ttm 2017-07-02 31080 2017-07-26
  ttm 2017-10-01 30929 2017-10-25
  ttm 2017-12-31 15618 2018-02-12
  ttm 2018-04-01 15712 2018-04-25
  ttm 2018-07-01 17223 2018-07-25
raw GD rows 2017-01..2018-07 (filed<=2018-07-31):
   ('Excl', '2017-01-01', '2017-07-02', 182, 27400.0, '2017-07-26', '10-Q', 'Q2')
   ('Excl', '2017-01-01', '2017-10-01', 273, 28923.0, '2017-10-25', '10-Q', 'Q3')
   ('Excl', '2017-01-01', '2017-12-31', 364, 21845.0, '2018-02-12', '10-K', 'FY')
   ('Rev', '2017-01-01', '2017-04-02', 91, 7441.0, '2017-04-26', '10-Q', 'Q1')
   ('Rev', '2017-01-01', '2017-04-02', 91, 7441.0, '2018-04-25', '10-Q', 'Q1')
   ('Rev', '2017-01-01', '2017-07-02', 182, 15116.0, '2017-07-26', '10-Q', 'Q2')
   ('Rev', '2017-01-01', '2017-07-02', 182, 15116.0, '2018-07-25', '10-Q', 'Q2')
   ('Rev', '2017-01-01', '2017-10-01', 273, 22696.0, '2017-10-25', '10-Q', 'Q3')
   ('Rev', '2017-01-01', '2017-12-31', 364, 30973.0, '2018-02-12', '10-K', 'FY')
   ('Rev', '2017-04-03', '2017-07-02', 90, 7675.0, '2017-07-26', '10-Q', 'Q2')
   ('Rev', '2017-04-03', '2017-07-02', 90, 7675.0, '2018-07-25', '10-Q', 'Q2')
   ('Rev', '2017-07-03', '2017-10-01', 90, 7580.0, '2017-10-25', '10-Q', 'Q3')
   ('Rev', '2018-01-01', '2018-04-01', 90, 7535.0, '2018-04-25', '10-Q', 'Q1')
   ('Rev', '2018-01-01', '2018-07-01', 181, 16721.0, '2018-07-25', '10-Q', 'Q2')
   ('Rev', '2018-04-02', '2018-07-01', 90, 9186.0, '2018-07-25', '10-Q', 'Q2')

=== ORCL rows end 2018-05-31 / 2018-02-28 ===
   ('Excl', '2017-06-01', '2018-02-28', 272, 28369.0, '2019-03-18', '10-Q', 'Q3')
   ('Excl', '2017-06-01', '2018-05-31', 364, 39383.0, '2019-06-21', '10-K', 'FY')
   ('Excl', '2017-06-01', '2018-05-31', 364, 39383.0, '2020-06-22', '10-K', 'FY')
   ('Excl', '2017-12-01', '2018-02-28', 89, 9676.0, '2019-03-18', '10-Q', 'Q3')
   ('Rev', '2017-06-01', '2018-02-28', 272, 28579.0, '2018-03-21', '10-Q', 'Q3')
   ('Rev', '2017-06-01', '2018-05-31', 364, 39383.0, '2019-06-21', '10-K', 'FY')
   ('Rev', '2017-06-01', '2018-05-31', 364, 39831.0, '2018-06-22', '10-K', 'FY')
   ('Rev', '2017-12-01', '2018-02-28', 89, 9771.0, '2018-03-21', '10-Q', 'Q3')
   ('Rev', '2018-03-01', '2018-05-31', 91, 39383.0, '2020-06-22', '10-K', 'FY')
engine q (asof 2018-09-30): [('2017-05-31', 10893), ('2017-08-31', 9187), ('2017-11-30', 9621), ('2018-02-28', 9771), ('2018-05-31', 11252), ('2018-08-31', 9193)]
engine ttm: [('2017-05-31', 37728, '2017-06-27'), ('2017-08-31', 38320, '2017-09-18'), ('2017-11-30', 38906, '2017-12-18'), ('2018-02-28', 39472, '2018-03-21'), ('2018-05-31', 39831, '2018-06-22'), ('2018-08-31', 39837, '2018-09-19')]

=== PM tag inventory (annual rows, first filed) ===
  Rev []
  Excl [('2016-12-31', 26.7, '2019-02-07'), ('2017-12-31', 28.7, '2019-02-07'), ('2018-12-31', 29.6, '2019-02-07'), ('2019-12-31', 29.8, '2020-02-07'), ('2020-12-31', 28.7, '2021-02-09'), ('2021-12-31', 31.4, '2022-02-11'), ('2022-12-31', 31.8, '2023-02-10'), ('2023-12-31', 35.2, '2024-02-08'), ('2024-12-31', 37.9, '2025-02-06'), ('2025-12-31', 40.6, '2026-02-06')]
  Incl [('2016-12-31', 75.0, '2019-02-07'), ('2017-12-31', 78.1, '2019-02-07'), ('2018-12-31', 79.8, '2019-02-07'), ('2019-12-31', 77.9, '2020-02-07'), ('2020-12-31', 76.0, '2021-02-09'), ('2021-12-31', 82.2, '2022-02-11'), ('2022-12-31', 80.7, '2023-02-10')]
  SRN [('2015-12-31', 73.9, '2016-02-17'), ('2016-12-31', 75.0, '2017-02-14'), ('2017-12-31', 78.1, '2018-02-13')]
PM quarterly rows 2017-04..2018-12 (all tags):
   ('Excl', '2017-04-01', '2017-06-30', 90, 6917.0, '2018-07-26', '10-Q', 'Q2')
   ('Excl', '2017-04-01', '2017-06-30', 90, 6917.0, '2019-02-07', '10-K', 'FY')
   ('Excl', '2017-07-01', '2017-09-30', 91, 7473.0, '2018-10-25', '10-Q', 'Q3')
   ('Excl', '2017-07-01', '2017-09-30', 91, 7473.0, '2019-02-07', '10-K', 'FY')
   ('Excl', '2017-10-01', '2017-12-31', 91, 8294.0, '2019-02-07', '10-K', 'FY')
   ('Excl', '2018-01-01', '2018-03-31', 89, 6896.0, '2018-04-26', '10-Q', 'Q1')
   ('Excl', '2018-01-01', '2018-03-31', 89, 6896.0, '2019-02-07', '10-K', 'FY')
   ('Excl', '2018-01-01', '2018-03-31', 89, 6896.0, '2019-04-25', '10-Q', 'Q1')
   ('Excl', '2018-01-01', '2018-03-31', 89, 6896.0, '2020-02-07', '10-K', 'FY')
   ('Excl', '2018-04-01', '2018-06-30', 90, 7726.0, '2018-07-26', '10-Q', 'Q2')
   ('Excl', '2018-04-01', '2018-06-30', 90, 7726.0, '2019-02-07', '10-K', 'FY')
   ('Excl', '2018-04-01', '2018-06-30', 90, 7726.0, '2019-07-25', '10-Q', 'Q2')
   ('Excl', '2018-04-01', '2018-06-30', 90, 7726.0, '2020-02-07', '10-K', 'FY')
   ('Excl', '2018-07-01', '2018-09-30', 91, 7504.0, '2018-10-25', '10-Q', 'Q3')
   ('Excl', '2018-07-01', '2018-09-30', 91, 7504.0, '2019-02-07', '10-K', 'FY')
   ('Excl', '2018-07-01', '2018-09-30', 91, 7504.0, '2019-10-24', '10-Q', 'Q3')
   ('Excl', '2018-07-01', '2018-09-30', 91, 7504.0, '2020-02-07', '10-K', 'FY')
   ('Excl', '2018-10-01', '2018-12-31', 91, 7499.0, '2019-02-07', '10-K', 'FY')
   ('Excl', '2018-10-01', '2018-12-31', 91, 7499.0, '2020-02-07', '10-K', 'FY')
   ('Incl', '2017-04-01', '2017-06-30', 90, 19319.0, '2018-07-26', '10-Q', 'Q2')
   ('Incl', '2017-07-01', '2017-09-30', 91, 20638.0, '2018-10-25', '10-Q', 'Q3')
   ('Incl', '2018-01-01', '2018-03-31', 89, 18426.0, '2018-04-26', '10-Q', 'Q1')
   ('Incl', '2018-01-01', '2018-03-31', 89, 18426.0, '2019-04-25', '10-Q', 'Q1')
   ('Incl', '2018-04-01', '2018-06-30', 90, 21100.0, '2018-07-26', '10-Q', 'Q2')
   ('Incl', '2018-04-01', '2018-06-30', 90, 21100.0, '2019-07-25', '10-Q', 'Q2')
   ('Incl', '2018-07-01', '2018-09-30', 91, 20439.0, '2018-10-25', '10-Q', 'Q3')
   ('Incl', '2018-07-01', '2018-09-30', 91, 20439.0, '2019-10-24', '10-Q', 'Q3')
   ('SRN', '2017-04-01', '2017-06-30', 90, 19319.0, '2017-07-27', '10-Q', 'Q2')
   ('SRN', '2017-04-01', '2017-06-30', 90, 19319.0, '2018-02-13', '10-K', 'FY')
   ('SRN', '2017-07-01', '2017-09-30', 91, 20638.0, '2017-10-26', '10-Q', 'Q3')
   ('SRN', '2017-07-01', '2017-09-30', 91, 20638.0, '2018-02-13', '10-K', 'FY')
   ('SRN', '2017-10-01', '2017-12-31', 91, 21585.0, '2018-02-13', '10-K', 'FY')
engine PM ttm (asof 2019-03-31): [('2017-06-30', 75.0, '2017-07-27'), ('2017-09-30', 75.7, '2017-10-26'), ('2017-12-31', 78.1, '2018-02-13'), ('2018-03-31', 68.4, '2018-04-26'), ('2018-06-30', 56.8, '2018-07-26'), ('2018-09-30', 43.7, '2018-10-25'), ('2018-12-31', 29.6, '2019-02-07')]

=== MA annual rows ===
  Rev [('2016-12-31', 10.78, '2019-02-13'), ('2017-12-31', 12.5, '2019-02-13'), ('2018-12-31', 14.95, '2019-02-13'), ('2019-12-31', 16.88, '2020-02-14'), ('2020-12-31', 15.3, '2021-02-12'), ('2021-12-31', 18.88, '2022-02-11'), ('2022-12-31', 22.24, '2023-02-14'), ('2023-12-31', 25.1, '2024-02-13'), ('2024-12-31', 28.17, '2025-02-12'), ('2025-12-31', 32.79, '2026-02-11')]
  Excl [('2018-12-31', 21.83, '2019-02-13'), ('2019-12-31', 24.98, '2020-02-14'), ('2020-12-31', 23.62, '2021-02-12'), ('2021-12-31', 29.84, '2022-02-11')]
  Incl []
  SRN [('2016-12-31', 10.78, '2017-02-15'), ('2017-12-31', 12.5, '2018-02-14')]

=== NVDA: periods where both Rev and Excl exist, filed dates ===
   ('2016-02-01', '2017-01-29') 6910 2017-03-01 | excl 6910 2019-02-21
   ('2017-01-30', '2017-04-30') 1937 2017-05-23 | excl 1937 2019-02-21
   ('2017-01-30', '2018-01-28') 9714 2018-02-28 | excl 9714 2019-02-21
   ('2017-05-01', '2017-07-30') 2230 2017-08-23 | excl 2230 2019-02-21
   ('2017-07-31', '2017-10-29') 2636 2017-11-21 | excl 2636 2019-02-21
   ('2017-10-30', '2018-01-28') 2911 2018-02-28 | excl 2911 2019-02-21
   ('2018-01-29', '2018-04-29') 3207 2018-05-22 | excl 3207 2019-02-21
   ('2018-04-30', '2018-07-29') 3123 2018-08-16 | excl 3123 2019-02-21
   ('2018-07-30', '2018-10-28') 3181 2018-11-15 | excl 3181 2019-02-21
   ('2019-01-28', '2019-04-28') 2220 2019-05-16 | excl 2220 2020-02-20
   ('2019-01-28', '2020-01-26') 10918 2022-03-18 | excl 10918 2020-02-20
   ('2019-04-29', '2019-07-28') 2579 2019-08-15 | excl 2579 2020-02-20
   ('2019-07-29', '2019-10-27') 3014 2019-11-14 | excl 3014 2020-02-20
   ('2020-01-27', '2021-01-31') 16675 2022-03-18 | excl 16675 2021-02-26
   ('2021-02-01', '2022-01-30') 26914 2022-03-18 | excl 26914 2022-03-18
  Excl periods: 2017-01-29 ~ 2022-01-30 | Rev periods: 2008-01-27 ~ 2026-07-26
