Rev vs SRN differ: A  n=2 first=('2013-10-31', 0.574, '2015-12-21', '2013-12-19') last=('2014-10-31', 0.58, '2015-12-21', '2014-12-22') rev_filed_later=2
Excl vs SRN differ: ADI CARD n=3 first=('2017-10-28', 1.027, '2019-11-26', '2017-11-22') last=('2018-05-05', 1.033, '2019-05-22', '2018-05-30') excl_filed_later=3
Excl vs SRN differ: ADP  n=8 first=('2017-06-30', 1.452, '2019-08-09', '2017-08-04') last=('2019-03-31', 1.511, '2019-05-03', '2019-05-03') excl_filed_later=5
Rev vs SRN differ: ADP  n=43 first=('2008-06-30', 1.248, '2010-08-25', '2010-08-25') last=('2019-03-31', 1.511, '2019-05-03', '2019-05-03') rev_filed_later=0
Excl vs Incl differ: AEP  n=1 first=('2023-12-31', 1.025, '2025-02-13', '2024-02-26') last=('2023-12-31', 1.025, '2025-02-13', '2024-02-26') excl_filed_later=1
Excl vs SRN differ: AMD CARD n=4 first=('2017-04-01', 1.197, '2019-02-08', '2017-05-08') last=('2017-12-30', 0.905, '2019-02-08', '2018-02-27') excl_filed_later=4
Rev vs SRN differ: AMD CARD n=2 first=('2017-07-01', 0.942, '2018-08-02', '2017-08-03') last=('2017-09-30', 0.964, '2018-10-31', '2017-11-02') rev_filed_later=2
Excl vs Incl differ: AMT  n=4 first=('2018-03-31', 55.471, '2018-05-02', '2019-05-03') last=('2019-06-30', 46.428, '2019-07-31', '2019-07-31') excl_filed_later=0
Rev vs Incl differ: AMT  n=4 first=('2018-03-31', 55.471, '2019-02-27', '2019-05-03') last=('2019-06-30', 46.428, '2019-07-31', '2019-07-31') rev_filed_later=0
Rev vs SRN differ: APD  n=1 first=('2016-09-30', 0.788, '2018-11-20', '2016-11-21') last=('2016-09-30', 0.788, '2018-11-20', '2016-11-21') rev_filed_later=1
Excl vs Incl differ: BF.B  n=38 first=('2017-04-30', 0.776, '2019-06-13', '2019-06-13') last=('2026-07-31', 0.771, '2026-09-02', '2026-09-02') excl_filed_later=0
Rev vs Incl differ: BRK.B  n=1 first=('2018-03-31', 1.409, '2018-05-07', '2018-05-07') last=('2018-03-31', 1.409, '2018-05-07', '2018-05-07') rev_filed_later=0
Rev vs SRN differ: BRK.B  n=6 first=('2012-12-31', 1.894, '2013-03-01', '2015-03-02') last=('2017-12-31', 1.822, '2018-02-26', '2018-02-26') rev_filed_later=0
Rev vs SRN differ: BSX  n=9 first=('2012-12-31', 0.96, '2015-02-25', '2013-02-22') last=('2016-09-30', 1.069, '2016-11-03', '2016-11-03') rev_filed_later=2
Rev vs Incl differ: BXP  n=2 first=('2018-03-31', 72.638, '2018-05-08', '2019-05-08') last=('2019-03-31', 81.2, '2019-05-08', '2019-05-08') rev_filed_later=0
Rev vs SRN differ: CAT CARD n=58 first=('2007-12-31', 1.071, '2010-02-19', '2010-02-19') last=('2018-06-30', 1.055, '2018-08-07', '2018-08-07') rev_filed_later=0
Rev vs Incl differ: CBOE  n=1 first=('2016-12-31', 0.934, '2017-02-21', '2019-02-22') last=('2016-12-31', 0.934, '2017-02-21', '2019-02-22') rev_filed_later=0
Excl vs SRN differ: CCI  n=5 first=('2016-12-31', 0.175, '2019-02-25', '2017-02-22') last=('2018-06-30', 0.121, '2019-07-31', '2018-08-06') excl_filed_later=5
Excl vs SRN differ: CDW  n=6 first=('2016-12-31', 0.978, '2019-02-27', '2017-03-01') last=('2017-12-31', 0.977, '2019-02-27', '2018-03-01') excl_filed_later=6
Excl vs Incl differ: CEG  n=6 first=('2021-12-31', 0.935, '2024-02-27', '2023-02-16') last=('2025-12-31', 0.888, '2026-02-24', '2026-02-24') excl_filed_later=3
Rev vs Incl differ: CEG  n=6 first=('2020-12-31', 1.074, '2023-02-16', '2023-02-16') last=('2022-03-31', 1.029, '2022-05-12', '2022-05-12') rev_filed_later=0
Rev vs Incl differ: CFG  n=5 first=('2018-03-31', 5.517, '2018-05-09', '2018-05-09') last=('2019-03-31', 5.671, '2019-05-08', '2019-05-08') rev_filed_later=0
Excl vs SRN differ: CHRW  n=6 first=('2016-12-31', 5.771, '2019-02-25', '2017-03-01') last=('2018-03-31', 6.271, '2018-05-09', '2018-05-09') excl_filed_later=5
Rev vs SRN differ: CHRW  n=11 first=('2014-12-31', 6.709, '2015-03-02', '2017-03-01') last=('2018-03-31', 6.271, '2018-05-09', '2018-05-09') rev_filed_later=0
Rev vs Incl differ: CHTR  n=6 first=('2020-12-31', 43.725, '2021-01-29', '2023-01-27') last=('2025-12-31', 61.613, '2026-01-30', '2026-01-30') rev_filed_later=0
Excl vs Incl differ: CNC  n=19 first=('2021-12-31', 0.937, '2022-02-22', '2024-02-20') last=('2026-06-30', 0.828, '2026-07-28', '2026-07-28') excl_filed_later=0
Rev vs SRN differ: COHR  n=5 first=('2009-09-30', 1.03, '2010-11-08', '2010-11-08') last=('2011-03-31', 1.024, '2011-05-09', '2011-05-09') rev_filed_later=0
Rev vs SRN differ: COP CARD n=31 first=('2008-06-30', 1.027, '2009-08-04', '2009-08-04') last=('2017-09-30', 1.076, '2017-10-31', '2017-10-31') rev_filed_later=6
Excl vs SRN differ: COST CARD n=8 first=('2016-08-28', 1.023, '2018-10-26', '2016-10-12') last=('2018-05-13', 1.023, '2018-10-26', '2018-06-07') excl_filed_later=8
Rev vs SRN differ: COST CARD n=42 first=('2008-08-31', 1.021, '2010-10-18', '2010-10-18') last=('2018-05-13', 1.023, '2018-06-07', '2018-06-07') rev_filed_later=0
Rev vs Incl differ: CVX CARD n=4 first=('2016-12-31', 1.039, '2017-02-23', '2019-02-22') last=('2017-09-30', 1.068, '2017-11-02', '2018-11-08') rev_filed_later=0
Excl vs Incl differ: D  n=1 first=('2019-09-30', 0.888, '2020-11-06', '2019-11-01') last=('2019-09-30', 0.888, '2020-11-06', '2019-11-01') excl_filed_later=1
Rev vs Incl differ: D  n=6 first=('2018-03-31', 1.043, '2019-02-28', '2019-05-03') last=('2019-09-30', 1.046, '2019-11-01', '2019-11-01') rev_filed_later=0
Excl vs SRN differ: D  n=1 first=('2016-12-31', 0.626, '2019-11-18', '2017-02-28') last=('2016-12-31', 0.626, '2019-11-18', '2017-02-28') excl_filed_later=1
Rev vs SRN differ: D  n=2 first=('2011-12-31', 0.973, '2014-02-28', '2013-02-28') last=('2012-09-30', 0.977, '2013-11-05', '2012-10-25') rev_filed_later=2
Rev vs SRN differ: DE CARD n=5 first=('2007-10-31', 1.121, '2009-12-17', '2009-12-17') last=('2009-07-31', 1.114, '2009-08-28', '2009-08-28') rev_filed_later=0
Excl vs SRN differ: DGX  n=1 first=('2017-12-31', 0.96, '2020-02-20', '2018-02-23') last=('2017-12-31', 0.96, '2020-02-20', '2018-02-23') excl_filed_later=1
Excl vs SRN differ: DHR CARD n=1 first=('2017-12-31', 0.847, '2020-02-21', '2018-02-21') last=('2017-12-31', 0.847, '2020-02-21', '2018-02-21') excl_filed_later=1
Excl vs SRN differ: DOV  n=1 first=('2017-12-31', 0.871, '2020-02-14', '2018-02-09') last=('2017-12-31', 0.871, '2020-02-14', '2018-02-09') excl_filed_later=1
Rev vs SRN differ: DOV  n=7 first=('2016-12-31', 0.889, '2019-02-15', '2017-02-10') last=('2018-03-31', 0.852, '2019-02-15', '2018-04-27') rev_filed_later=7
Rev vs Incl differ: DOW  n=2 first=('2018-03-31', 1.218, '2019-05-03', '2019-07-25') last=('2019-03-31', 1.238, '2019-05-03', '2020-02-07') rev_filed_later=0
Rev vs SRN differ: DUK  n=1 first=('2016-06-30', 0.951, '2017-08-03', '2016-08-04') last=('2016-06-30', 0.951, '2017-08-03', '2016-08-04') rev_filed_later=1
Rev vs Incl differ: DVA  n=13 first=('2016-12-31', 1.101, '2019-02-22', '2019-02-22') last=('2020-12-31', 1.046, '2021-02-12', '2021-02-12') rev_filed_later=0
Excl vs SRN differ: EBAY  n=6 first=('2016-12-31', 1.036, '2019-01-30', '2017-02-06') last=('2017-12-31', 1.036, '2019-01-30', '2018-02-05') excl_filed_later=6
Excl vs Incl differ: ECHO  n=1 first=('2022-12-31', 0.107, '2023-02-23', '2025-02-27') last=('2022-12-31', 0.107, '2023-02-23', '2025-02-27') excl_filed_later=0
Excl vs SRN differ: ECHO  n=3 first=('2016-12-31', 0.592, '2019-02-21', '2017-02-24') last=('2018-06-30', 0.728, '2018-08-07', '2018-08-07') excl_filed_later=1
Rev vs SRN differ: EQIX  n=1 first=('2012-03-31', 1.02, '2012-04-27', '2013-02-26') last=('2012-03-31', 1.02, '2012-04-27', '2013-02-26') rev_filed_later=0
Rev vs Incl differ: EQR  n=11 first=('2016-12-31', 680.067, '2017-02-23', '2019-02-21') last=('2020-03-31', 28430.375, '2020-05-07', '2020-05-07') rev_filed_later=0
Rev vs SRN differ: EQR  n=17 first=('2008-12-31', 1.047, '2010-02-25', '2011-02-24') last=('2013-06-30', 1.029, '2013-08-08', '2014-02-27') rev_filed_later=3
Rev vs Incl differ: ES  n=3 first=('2018-09-30', 0.979, '2018-11-06', '2018-11-06') last=('2026-06-30', 0.974, '2026-08-03', '2026-08-03') rev_filed_later=0
Excl vs Incl differ: ESS  n=4 first=('2018-12-31', 0.007, '2021-02-19', '2019-02-21') last=('2019-09-30', 0.007, '2020-10-30', '2019-10-24') excl_filed_later=4
Rev vs SRN differ: ETN CARD n=7 first=('2010-12-31', 0.0, '2013-09-06', '2013-02-28') last=('2016-12-31', 0.0, '2017-02-22', '2017-02-22') rev_filed_later=3
Rev vs Incl differ: EXC  n=10 first=('2016-12-31', 653.333, '2017-02-13', '2019-02-08') last=('2019-03-31', -1895.4, '2019-05-02', '2019-05-02') rev_filed_later=0
Rev vs Incl differ: EXE  n=12 first=('2018-03-31', 1.83, '2018-05-02', '2019-05-09') last=('2020-09-30', 1.451, '2020-11-09', '2020-11-09') rev_filed_later=0
Rev vs SRN differ: F  n=35 first=('2007-12-31', 1.105, '2010-02-25', '2010-02-25') last=('2016-09-30', 1.078, '2016-10-27', '2016-10-27') rev_filed_later=0
Excl vs Incl differ: FANG  n=2 first=('2018-12-31', 0.979, '2021-02-25', '2019-02-25') last=('2019-06-30', 0.979, '2020-08-10', '2019-08-09') excl_filed_later=2
Rev vs SRN differ: FCX  n=7 first=('2014-12-31', 0.933, '2017-02-24', '2015-02-27') last=('2016-03-31', 0.919, '2017-02-24', '2016-05-10') rev_filed_later=7
Rev vs Incl differ: FDS  n=1 first=('2018-08-31', 1000.0, '2018-10-30', '2019-10-30') last=('2018-08-31', 1000.0, '2018-10-30', '2019-10-30') rev_filed_later=0
Excl vs SRN differ: FE  n=2 first=('2018-03-31', 0.972, '2018-04-23', '2018-04-23') last=('2018-06-30', 0.972, '2018-07-31', '2018-07-31') excl_filed_later=0
Rev vs SRN differ: FE  n=3 first=('2017-12-31', 0.779, '2019-02-19', '2018-02-20') last=('2018-06-30', 0.971, '2019-02-19', '2018-07-31') rev_filed_later=3
Excl vs SRN differ: FTV  n=7 first=('2016-12-31', 0.864, '2019-02-28', '2017-02-28') last=('2018-03-30', 0.857, '2019-02-28', '2018-04-26') excl_filed_later=7
Rev vs SRN differ: FTV  n=2 first=('2016-12-31', 0.864, '2019-02-28', '2017-02-28') last=('2017-12-31', 0.865, '2019-02-28', '2018-02-28') rev_filed_later=2
Rev vs Incl differ: GE CARD n=6 first=('2017-06-30', 1.092, '2017-07-28', '2018-07-27') last=('2019-03-31', 1.077, '2019-04-30', '2019-04-30') rev_filed_later=0
Rev vs SRN differ: GE CARD n=33 first=('2009-03-31', 1.6, '2010-05-07', '2011-02-25') last=('2018-03-31', 1.066, '2018-05-01', '2018-05-01') rev_filed_later=0
Rev vs Incl differ: GM  n=2 first=('2018-12-31', 1.105, '2019-02-06', '2019-02-06') last=('2019-12-31', 1.119, '2020-02-05', '2020-02-05') rev_filed_later=0
Rev vs SRN differ: GM  n=21 first=('2013-12-31', 1.022, '2014-02-06', '2014-02-06') last=('2018-06-30', 1.105, '2018-07-25', '2018-07-25') rev_filed_later=0
Rev vs SRN differ: HAS  n=14 first=('2012-07-01', 0.444, '2013-07-31', '2013-02-27') last=('2016-12-25', 0.437, '2017-02-22', '2017-02-22') rev_filed_later=5
Rev vs SRN differ: HON  n=2 first=('2010-12-31', 1.032, '2011-02-11', '2013-02-15') last=('2011-03-31', 1.027, '2011-04-21', '2013-02-15') rev_filed_later=0
Excl vs SRN differ: HSIC  n=1 first=('2017-12-30', 0.713, '2020-02-20', '2018-02-21') last=('2017-12-30', 0.713, '2020-02-20', '2018-02-21') excl_filed_later=1
Rev vs SRN differ: HSY  n=3 first=('2011-12-31', 0.23, '2014-02-21', '2012-02-17') last=('2013-12-31', 0.252, '2014-02-21', '2014-02-21') rev_filed_later=2
Rev vs Incl differ: HUM  n=37 first=('2016-12-31', 56.119, '2017-02-17', '2019-02-21') last=('2026-03-31', 23.642, '2026-04-29', '2026-04-29') rev_filed_later=0
Excl vs SRN differ: INTU  n=2 first=('2017-10-31', 1.027, '2018-11-20', '2017-11-20') last=('2018-01-31', 1.149, '2019-02-22', '2018-02-22') excl_filed_later=2
Excl vs Incl differ: IP  n=3 first=('2021-03-31', 1.168, '2021-04-30', '2022-02-18') last=('2021-09-30', 1.163, '2021-10-28', '2022-02-18') excl_filed_later=0
Excl vs SRN differ: IP  n=1 first=('2017-09-30', 0.933, '2018-11-02', '2017-11-03') last=('2017-09-30', 0.933, '2018-11-02', '2017-11-03') excl_filed_later=1
Rev vs Incl differ: J  n=5 first=('2017-09-29', 1.583, '2017-11-21', '2019-11-25') last=('2018-09-28', 1.385, '2018-11-21', '2019-11-25') rev_filed_later=0
Excl vs SRN differ: JCI  n=5 first=('2017-09-30', 0.757, '2019-11-21', '2017-11-21') last=('2018-06-30', 0.774, '2019-08-01', '2018-08-02') excl_filed_later=5
Excl vs SRN differ: KDP  n=6 first=('2016-12-31', 0.769, '2019-02-28', '2017-02-14') last=('2018-06-30', 0.503, '2019-02-28', '2018-08-08') excl_filed_later=6
Rev vs SRN differ: KEYS  n=2 first=('2017-07-31', 1.037, '2017-09-06', '2017-09-06') last=('2018-01-31', 1.023, '2018-03-08', '2018-03-08') rev_filed_later=0
Rev vs Incl differ: KIM  n=20 first=('2017-12-31', 70.434, '2018-02-23', '2020-02-25') last=('2022-09-30', 99.382, '2022-10-28', '2022-10-28') rev_filed_later=0
Rev vs SRN differ: LH  n=8 first=('2015-12-31', 1.021, '2016-02-29', '2016-02-29') last=('2017-09-30', 1.022, '2017-11-02', '2017-11-02') rev_filed_later=0
Rev vs SRN differ: LHX  n=5 first=('2010-07-02', 0.02, '2012-08-27', '2010-08-30') last=('2016-07-01', 0.802, '2018-08-27', '2016-08-29') rev_filed_later=3
Excl vs SRN differ: LMT  n=1 first=('2017-12-31', 0.979, '2020-02-07', '2018-02-06') last=('2017-12-31', 0.979, '2020-02-07', '2018-02-06') excl_filed_later=1
Rev vs SRN differ: LMT  n=2 first=('2017-12-31', 0.979, '2019-02-08', '2018-02-06') last=('2017-12-31', 0.915, '2019-02-08', '2018-02-06') rev_filed_later=2
Rev vs SRN differ: LUV  n=2 first=('2011-06-30', 0.0, '2011-08-05', '2012-02-09') last=('2011-09-30', 0.0, '2011-10-25', '2012-02-09') rev_filed_later=0
Excl vs SRN differ: LYB  n=5 first=('2016-12-31', 0.975, '2019-02-21', '2017-02-17') last=('2018-06-30', 0.978, '2019-08-02', '2018-08-03') excl_filed_later=5
Excl vs SRN differ: MA CARD n=2 first=('2018-03-31', 1.416, '2018-05-02', '2018-05-02') last=('2018-06-30', 1.46, '2018-07-26', '2018-07-26') excl_filed_later=0
Rev vs SRN differ: MRK CARD n=2 first=('2009-06-30', 1.27, '2010-08-06', '2009-07-24') last=('2009-09-30', 1.345, '2010-11-08', '2009-10-29') rev_filed_later=2
Excl vs SRN differ: MSFT CARD n=5 first=('2016-06-30', 1.068, '2018-08-03', '2016-07-28') last=('2017-06-30', 1.098, '2018-08-03', '2017-08-02') excl_filed_later=5
Excl vs SRN differ: NI  n=3 first=('2016-12-31', 0.978, '2019-02-20', '2017-02-22') last=('2018-06-30', 0.975, '2018-08-01', '2018-08-01') excl_filed_later=2
Rev vs SRN differ: NI  n=1 first=('2011-12-31', 0.963, '2014-02-18', '2013-02-19') last=('2011-12-31', 0.963, '2014-02-18', '2013-02-19') rev_filed_later=1
Rev vs SRN differ: NOC  n=1 first=('2017-03-31', 1.023, '2019-01-31', '2017-04-26') last=('2017-03-31', 1.023, '2019-01-31', '2017-04-26') rev_filed_later=1
Rev vs SRN differ: NWS  n=1 first=('2015-06-30', 0.962, '2015-08-13', '2016-08-12') last=('2015-06-30', 0.962, '2015-08-13', '2016-08-12') rev_filed_later=0
Rev vs SRN differ: NWSA  n=1 first=('2015-06-30', 0.962, '2015-08-13', '2016-08-12') last=('2015-06-30', 0.962, '2015-08-13', '2016-08-12') rev_filed_later=0
Rev vs SRN differ: OKE  n=3 first=('2009-12-31', 1.028, '2010-02-23', '2012-02-21') last=('2011-03-31', 1.028, '2011-05-04', '2012-05-02') rev_filed_later=0
Rev vs SRN differ: ORCL CARD n=6 first=('2010-05-31', 11.712, '2010-07-01', '2010-07-01') last=('2011-02-28', 5.267, '2011-03-29', '2011-03-29') rev_filed_later=0
Rev vs SRN differ: OXY  n=4 first=('2014-09-30', 0.822, '2015-10-30', '2014-10-31') last=('2016-09-30', 1.032, '2016-11-01', '2016-11-01') rev_filed_later=1
Rev vs Incl differ: PAYX  n=2 first=('2017-08-31', 1.048, '2017-10-06', '2018-10-05') last=('2018-08-31', 1.02, '2018-10-05', '2018-10-05') rev_filed_later=0
Rev vs Incl differ: PEG  n=33 first=('2016-12-31', 1.109, '2017-02-27', '2019-02-28') last=('2026-06-30', 0.936, '2026-08-04', '2026-08-04') rev_filed_later=0
Rev vs SRN differ: PG CARD n=3 first=('2012-06-30', 0.339, '2014-08-08', '2012-08-08') last=('2014-06-30', 0.354, '2014-08-08', '2014-08-08') rev_filed_later=2
Excl vs Incl differ: PM CARD n=26 first=('2016-12-31', 0.356, '2019-02-07', '2019-02-07') last=('2023-03-31', 0.415, '2023-04-26', '2023-04-26') excl_filed_later=0
Excl vs SRN differ: PM CARD n=6 first=('2016-12-31', 0.356, '2019-02-07', '2017-02-14') last=('2017-12-31', 0.384, '2019-02-07', '2018-02-13') excl_filed_later=6
Excl vs SRN differ: PNR  n=4 first=('2016-12-31', 0.569, '2019-02-19', '2017-02-21') last=('2017-09-30', 0.56, '2018-10-23', '2017-10-24') excl_filed_later=4
Rev vs SRN differ: PNR  n=5 first=('2017-03-31', 0.577, '2019-02-19', '2017-04-25') last=('2018-03-31', 0.577, '2019-02-19', '2018-04-20') rev_filed_later=5
Rev vs SRN differ: PODD  n=4 first=('2014-12-31', 0.801, '2017-02-28', '2015-02-26') last=('2015-09-30', 0.818, '2016-11-04', '2015-11-06') rev_filed_later=4
Excl vs SRN differ: PPG  n=2 first=('2016-12-31', 0.967, '2019-02-21', '2017-02-16') last=('2017-03-31', 0.977, '2019-02-21', '2017-04-24') excl_filed_later=2
Rev vs SRN differ: PPG  n=2 first=('2013-06-30', 0.948, '2014-07-23', '2013-07-29') last=('2013-09-30', 0.948, '2014-10-24', '2013-10-28') rev_filed_later=2
Rev vs SRN differ: RSG  n=24 first=('2011-12-31', 1.191, '2014-02-13', '2012-02-17') last=('2018-03-31', 1.181, '2018-05-03', '2018-05-03') rev_filed_later=6
Rev vs SRN differ: RVTY  n=4 first=('2010-07-04', 0.847, '2012-02-28', '2010-08-10') last=('2016-10-02', 0.939, '2017-02-28', '2016-11-08') rev_filed_later=4
Rev vs SRN differ: SMCI  n=3 first=('2015-09-30', 1.038, '2019-05-17', '2015-11-16') last=('2017-03-31', 0.974, '2019-05-17', '2017-05-10') rev_filed_later=3
Rev vs SRN differ: SNA  n=29 first=('2010-01-02', 1.025, '2012-02-16', '2011-02-17') last=('2018-06-30', 1.086, '2018-07-19', '2018-07-19') rev_filed_later=5
Rev vs Incl differ: SO  n=19 first=('2019-06-30', 0.976, '2019-07-31', '2020-07-30') last=('2026-03-31', 1.044, '2026-04-30', '2026-04-30') rev_filed_later=0
Excl vs SRN differ: STLD  n=1 first=('2016-12-31', 0.978, '2019-02-27', '2017-02-28') last=('2016-12-31', 0.978, '2019-02-27', '2017-02-28') excl_filed_later=1
Excl vs Incl differ: STZ  n=38 first=('2017-02-28', 0.909, '2019-04-23', '2019-04-23') last=('2026-05-31', 0.939, '2026-07-01', '2026-07-01') excl_filed_later=0
Excl vs Incl differ: TAP  n=25 first=('2019-12-31', 1.23, '2022-02-23', '2020-02-12') last=('2026-06-30', 1.164, '2026-08-06', '2026-08-06') excl_filed_later=5
Rev vs Incl differ: TAP  n=21 first=('2016-12-31', 1.351, '2019-02-12', '2019-02-12') last=('2021-03-31', 1.188, '2021-04-29', '2021-04-29') rev_filed_later=0
Rev vs SRN differ: TDG  n=1 first=('2019-03-30', 0.977, '2020-05-05', '2019-05-08') last=('2019-03-30', 0.977, '2020-05-05', '2019-05-08') rev_filed_later=1
Rev vs SRN differ: TDY  n=5 first=('2012-01-01', 0.355, '2014-02-25', '2012-02-29') last=('2016-01-03', 0.444, '2016-03-01', '2016-03-01') rev_filed_later=2
Excl vs SRN differ: TEL  n=4 first=('2017-09-29', 0.929, '2019-11-12', '2017-11-14') last=('2018-06-29', 0.951, '2019-07-26', '2018-07-26') excl_filed_later=4
Rev vs SRN differ: TGT  n=18 first=('2008-02-02', 1.031, '2010-03-12', '2010-03-12') last=('2011-10-29', 1.022, '2011-11-23', '2011-11-23') rev_filed_later=0
Rev vs SRN differ: TMUS CARD n=7 first=('2011-12-31', 4.253, '2014-02-25', '2012-02-29') last=('2013-03-31', 3.634, '2014-02-25', '2013-04-25') rev_filed_later=7
Excl vs Incl differ: TRMB  n=2 first=('2017-06-30', 1.19, '2019-02-22', '2018-08-03') last=('2017-09-29', 1.176, '2019-02-22', '2018-11-05') excl_filed_later=2
Rev vs SRN differ: TXT  n=9 first=('2009-01-03', 1.054, '2011-03-01', '2011-03-01') last=('2012-09-29', 1.022, '2012-10-25', '2012-10-25') rev_filed_later=0
Rev vs Incl differ: WRB  n=34 first=('2017-12-31', 31.757, '2018-02-23', '2020-02-20') last=('2026-03-31', 24.128, '2026-05-01', '2026-05-01') rev_filed_later=0
Rev vs SRN differ: WYNN  n=5 first=('2016-12-31', 0.973, '2019-02-28', '2017-02-24') last=('2017-09-30', 0.962, '2018-11-07', '2017-11-08') rev_filed_later=5
Excl vs Incl differ: XYL  n=17 first=('2021-12-31', 1.039, '2024-02-28', '2022-02-25') last=('2026-06-30', 1.033, '2026-07-28', '2026-07-28') excl_filed_later=5
Rev vs Incl differ: XYL  n=34 first=('2018-03-31', 1.047, '2018-05-01', '2018-05-01') last=('2026-06-30', 1.033, '2026-07-28', '2026-07-28') rev_filed_later=0
Excl vs SRN differ: XYZ  n=1 first=('2018-03-31', 0.97, '2018-05-02', '2018-05-02') last=('2018-03-31', 0.97, '2018-05-02', '2018-05-02') excl_filed_later=0

# Rev vs Excl differ >2% (ticker, card, n_common, n_diff, min ratio Rev/Excl, max, n_samefiled, n_rev_filed_later, n_rev_filed_earlier, first_end, last_end)
('KKR', '', 16, 16, -2.632, 3.385, 15, 0, 1, '2016-12-31', '2020-09-30')
('EQT', '', 26, 25, -0.821, 1.548, 25, 0, 0, '2018-03-31', '2024-06-30')
('ETN', 'CARD', 1, 1, 0.0, 0.0, 0, 0, 1, '2016-12-31', '2016-12-31')
('VRT', '', 5, 5, 0.0, 0.0, 0, 0, 5, '2018-12-31', '2019-09-30')
('NWS', '', 32, 1, 0.005, 1.0, 1, 0, 0, '2018-09-30', '2018-09-30')
('NWSA', '', 32, 1, 0.005, 1.0, 1, 0, 0, '2018-09-30', '2018-09-30')
('GEN', '', 1, 1, 0.038, 0.038, 1, 0, 0, '2022-07-01', '2022-07-01')
('EMR', '', 1, 1, 0.085, 0.085, 0, 1, 0, '2022-09-30', '2022-09-30')
('GIS', '', 6, 6, 0.097, 0.121, 4, 2, 0, '2019-05-26', '2024-05-26')
('CHRW', '', 9, 2, 0.157, 1.0, 2, 0, 0, '2018-06-30', '2018-09-30')
('AON', '', 11, 2, 0.257, 1.236, 1, 0, 1, '2016-12-31', '2018-12-31')
('VST', '', 34, 32, 0.391, 1.449, 32, 0, 0, '2018-03-31', '2026-06-30')
('ARES', '', 39, 31, 0.392, 32.025, 23, 0, 8, '2017-12-31', '2026-06-30')
('DVN', '', 36, 31, 0.522, 4.4, 27, 0, 4, '2016-12-31', '2026-06-30')
('WMB', '', 34, 19, 0.544, 1.01, 19, 0, 0, '2021-12-31', '2026-06-30')
('PNR', '', 26, 2, 0.577, 1.0, 0, 2, 0, '2017-03-31', '2018-03-31')
('BLK', 'CARD', 3, 3, 0.617, 0.627, 3, 0, 0, '2022-12-31', '2024-12-31')
('MA', 'CARD', 19, 19, 0.627, 0.706, 17, 2, 0, '2018-03-31', '2022-09-30')
('RVTY', '', 24, 6, 0.728, 1.0, 0, 6, 0, '2021-04-04', '2022-07-03')
('CBRE', '', 39, 26, 0.736, 1.033, 20, 0, 6, '2016-12-31', '2024-09-30')
('COP', 'CARD', 39, 37, 0.781, 1.461, 32, 0, 5, '2016-12-31', '2026-06-30')
('TRGP', '', 31, 29, 0.823, 1.265, 27, 2, 0, '2016-12-31', '2024-06-30')
('TRMB', '', 26, 8, 0.827, 1.008, 0, 0, 8, '2016-04-01', '2017-12-29')
('CVX', 'CARD', 34, 31, 0.847, 1.07, 30, 0, 1, '2018-03-31', '2026-06-30')
('AJG', '', 12, 2, 0.858, 1.05, 0, 0, 2, '2017-03-31', '2017-06-30')
('OXY', '', 35, 19, 0.858, 1.27, 19, 0, 0, '2018-12-31', '2026-06-30')
('INTU', '', 26, 2, 0.87, 1.004, 0, 0, 2, '2017-10-31', '2018-01-31')
('FCX', '', 39, 23, 0.878, 1.062, 20, 0, 3, '2017-03-31', '2025-09-30')
('NTAP', '', 5, 5, 0.897, 0.903, 2, 3, 0, '2024-04-26', '2026-07-31')
('D', '', 31, 21, 0.925, 1.597, 15, 0, 6, '2016-12-31', '2025-06-30')
('PAYX', '', 41, 29, 0.944, 1.052, 23, 0, 6, '2017-08-31', '2026-08-31')
('PNC', '', 21, 4, 0.945, 1.059, 0, 2, 2, '2019-12-31', '2020-03-31')
('KMI', '', 34, 33, 0.948, 1.188, 33, 0, 0, '2018-12-31', '2026-06-30')
('SRE', '', 29, 26, 0.952, 1.212, 26, 0, 0, '2018-03-31', '2025-12-31')
('ADI', 'CARD', 6, 4, 0.968, 1.039, 0, 0, 4, '2017-10-28', '2018-11-03')
('ED', '', 33, 14, 0.969, 1.062, 14, 0, 0, '2018-12-31', '2026-03-31')
('AEP', '', 11, 2, 0.97, 1.017, 1, 0, 1, '2023-12-31', '2025-03-31')
('NRG', '', 34, 19, 0.974, 1.516, 19, 0, 0, '2018-03-31', '2026-06-30')
('PPL', '', 33, 1, 0.98, 1.028, 1, 0, 0, '2022-06-30', '2022-06-30')
('CNP', '', 38, 13, 0.988, 1.602, 8, 0, 5, '2016-12-31', '2019-09-30')
('FE', '', 15, 6, 0.99, 1.03, 6, 0, 0, '2018-12-31', '2020-03-31')
('PFE', 'CARD', 7, 2, 0.994, 1.149, 1, 0, 1, '2022-12-31', '2023-12-31')
('JKHY', '', 6, 5, 0.996, 1.103, 0, 0, 5, '2017-06-30', '2018-06-30')
('BSX', '', 3, 1, 0.997, 1.082, 0, 0, 1, '2016-12-31', '2016-12-31')
('FICO', '', 11, 1, 0.997, 1.032, 0, 0, 1, '2018-09-30', '2018-09-30')
('EVRG', '', 33, 27, 0.998, 1.102, 27, 0, 0, '2019-03-31', '2026-03-31')
('ICE', '', 7, 3, 0.998, 1.403, 1, 0, 2, '2015-12-31', '2017-12-31')
('ADM', '', 30, 10, 1.0, 3.679, 8, 0, 2, '2022-12-31', '2026-06-30')
('AMAT', 'CARD', 10, 1, 1.0, 1.033, 0, 0, 1, '2018-10-28', '2018-10-28')
('AMT', '', 34, 28, 1.0, 16.891, 28, 0, 0, '2019-12-31', '2026-06-30')
('DHR', 'CARD', 6, 2, 1.0, 1.181, 0, 0, 2, '2017-12-31', '2018-12-31')
('ECHO', '', 6, 3, 1.0, 1.374, 1, 2, 0, '2018-03-31', '2018-09-30')
('FTV', '', 7, 4, 1.0, 1.164, 0, 0, 4, '2017-06-30', '2018-09-28')
('GD', '', 13, 2, 1.0, 1.418, 1, 0, 1, '2016-12-31', '2017-12-31')
('HAS', '', 28, 7, 1.0, 1.156, 7, 0, 0, '2024-12-29', '2026-06-28')
('HLT', '', 16, 6, 1.0, 1.774, 0, 0, 6, '2016-12-31', '2017-12-31')
('HSIC', '', 6, 2, 1.0, 1.403, 0, 0, 2, '2017-12-30', '2018-12-29')
('IRM', '', 16, 12, 1.0, 3.217, 10, 0, 2, '2019-12-31', '2022-09-30')
('LDOS', '', 37, 1, 1.0, 1.021, 1, 0, 0, '2019-09-27', '2019-09-27')
('LYB', '', 37, 21, 1.0, 1.033, 19, 0, 2, '2016-12-31', '2022-12-31')
('MMM', '', 34, 4, 1.0, 1.33, 0, 0, 4, '2023-12-31', '2024-03-31')
('MPC', 'CARD', 7, 1, 1.0, 1.11, 0, 0, 1, '2019-12-31', '2019-12-31')
('PODD', '', 15, 5, 1.0, 1.37, 5, 0, 0, '2022-03-31', '2023-03-31')
('PPG', '', 5, 1, 1.0, 1.024, 0, 0, 1, '2017-03-31', '2017-03-31')
('STLD', '', 24, 6, 1.0, 1.042, 6, 0, 0, '2016-12-31', '2023-03-31')
('UNP', 'CARD', 13, 11, 1.0, 1.077, 8, 0, 3, '2018-06-30', '2021-09-30')
('WELL', 'CARD', 19, 15, 1.0, 1.483, 10, 0, 5, '2021-12-31', '2026-03-31')
('XEL', '', 8, 4, 1.0, 1.051, 2, 0, 2, '2017-03-31', '2018-06-30')
('XOM', 'CARD', 20, 11, 1.0, 1.052, 11, 0, 0, '2019-12-31', '2023-06-30')
('WTW', '', 34, 8, 1.005, 1.029, 8, 0, 0, '2022-06-30', '2026-03-31')
('FANG', '', 18, 4, 1.006, 1.032, 2, 0, 2, '2018-12-31', '2020-06-30')
('CMS', '', 34, 29, 1.012, 1.074, 29, 0, 0, '2018-03-31', '2026-03-31')
('BEN', '', 5, 2, 1.017, 1.023, 0, 0, 2, '2020-03-31', '2020-06-30')
('NI', '', 24, 21, 1.018, 1.052, 18, 0, 3, '2016-12-31', '2024-09-30')
('XYZ', '', 4, 4, 1.028, 1.031, 3, 1, 0, '2018-03-31', '2018-09-30')
('GE', 'CARD', 23, 23, 1.035, 1.988, 6, 0, 17, '2016-12-31', '2024-12-31')
('CNC', '', 38, 38, 1.042, 1.207, 33, 0, 5, '2016-12-31', '2026-06-30')
('GM', '', 31, 31, 1.082, 1.256, 26, 0, 5, '2018-12-31', '2026-06-30')
('SNA', '', 34, 34, 1.082, 1.126, 34, 0, 0, '2018-03-31', '2026-07-04')
('CEG', '', 16, 16, 1.112, 1.475, 11, 0, 5, '2021-12-31', '2026-06-30')
('RSG', '', 39, 39, 1.142, 1.21, 35, 0, 4, '2016-12-31', '2026-06-30')
('HOOD', '', 2, 2, 1.253, 1.303, 2, 0, 0, '2020-06-30', '2021-06-30')
('AMP', '', 6, 6, 1.34, 1.397, 3, 0, 3, '2017-03-31', '2018-09-30')
('DD', '', 5, 5, 1.394, 1.468, 0, 0, 5, '2019-12-31', '2020-09-30')
('BRK.B', '', 34, 34, 1.397, 1.521, 32, 0, 2, '2018-03-31', '2026-06-30')
('NTRS', '', 9, 9, 1.482, 1.754, 7, 0, 2, '2017-12-31', '2025-12-31')
('KEY', '', 34, 34, 1.659, 5.349, 33, 0, 1, '2018-03-31', '2026-06-30')
('EXE', '', 1, 1, 1.83, 1.83, 1, 0, 0, '2018-03-31', '2018-03-31')
('DOC', '', 35, 35, 2.182, 4.936, 30, 0, 5, '2017-12-31', '2026-06-30')
('IBKR', '', 8, 8, 2.426, 3.462, 8, 0, 0, '2018-03-31', '2019-09-30')
('L', '', 39, 39, 2.824, 10.109, 34, 0, 5, '2016-12-31', '2026-06-30')
('BG', '', 15, 15, 3.176, 5.066, 12, 0, 3, '2021-12-31', '2026-03-31')
('URI', '', 24, 24, 3.816, 5.279, 19, 0, 5, '2019-12-31', '2026-03-31')
('CFG', '', 33, 33, 4.686, 7.709, 29, 0, 4, '2018-12-31', '2026-06-30')
('MTB', '', 2, 2, 5.363, 6.498, 0, 0, 2, '2022-12-31', '2023-12-31')
('CCI', '', 38, 38, 5.699, 35.348, 35, 0, 3, '2016-12-31', '2026-06-30')
('COF', 'CARD', 34, 34, 5.739, 8.593, 34, 0, 0, '2018-03-31', '2026-06-30')
('SBAC', '', 35, 35, 7.653, 22.236, 30, 0, 5, '2017-12-31', '2026-06-30')
('HIG', '', 35, 35, 12.981, 65.432, 30, 0, 5, '2017-12-31', '2026-06-30')
('PRU', '', 4, 4, 13.814, 16.232, 2, 0, 2, '2017-06-30', '2018-09-30')
('INVH', '', 8, 8, 14.422, 20.688, 7, 0, 1, '2016-12-31', '2026-06-30')
('EXR', '', 36, 36, 22.226, 30.331, 33, 0, 3, '2016-12-31', '2026-06-30')
('MET', '', 34, 34, 25.986, 64.588, 31, 0, 3, '2018-03-31', '2026-06-30')
('UDR', '', 35, 35, 46.256, 329.277, 30, 0, 5, '2016-12-31', '2026-03-31')
('ESS', '', 31, 31, 141.978, 211.351, 29, 0, 2, '2018-12-31', '2026-06-30')
('AVB', '', 36, 36, 254.742, 835.646, 31, 0, 5, '2016-12-31', '2026-06-30')

# Rev < 0.98*Excl somewhere (rank rule would pick the SMALLER Revenues): ['ADI', 'AEP', 'AJG', 'AON', 'ARES', 'BLK', 'CBRE', 'CHRW', 'COP', 'CVX', 'D', 'DVN', 'ED', 'EMR', 'EQT', 'ETN', 'FCX', 'GEN', 'GIS', 'INTU', 'KKR', 'KMI', 'MA', 'NRG', 'NTAP', 'NWS', 'NWSA', 'OXY', 'PAYX', 'PNC', 'PNR', 'RVTY', 'SRE', 'TRGP', 'TRMB', 'VRT', 'VST', 'WMB']
# Rev > 1.02*Excl somewhere: ['ADI', 'ADM', 'AJG', 'AMAT', 'AMP', 'AMT', 'AON', 'ARES', 'AVB', 'BEN', 'BG', 'BRK.B', 'BSX', 'CBRE', 'CCI', 'CEG', 'CFG', 'CMS', 'CNC', 'CNP', 'COF', 'COP', 'CVX', 'D', 'DD', 'DHR', 'DOC', 'DVN', 'ECHO', 'ED', 'EQT', 'ESS', 'EVRG', 'EXE', 'EXR', 'FANG', 'FCX', 'FE', 'FICO', 'FTV', 'GD', 'GE', 'GM', 'HAS', 'HIG', 'HLT', 'HOOD', 'HSIC', 'IBKR', 'ICE', 'INVH', 'IRM', 'JKHY', 'KEY', 'KKR', 'KMI', 'L', 'LDOS', 'LYB', 'MET', 'MMM', 'MPC', 'MTB', 'NI', 'NRG', 'NTRS', 'OXY', 'PAYX', 'PFE', 'PNC', 'PODD', 'PPG', 'PPL', 'PRU', 'RSG', 'SBAC', 'SNA', 'SRE', 'STLD', 'TRGP', 'UDR', 'UNP', 'URI', 'VST', 'WELL', 'WTW', 'XEL', 'XOM', 'XYZ']
# n_rev_filed_later>0 (Revenues row for that period comes from a later filing → availability shifts): [('ECHO', 2), ('EMR', 1), ('GIS', 2), ('MA', 2), ('NTAP', 3), ('PNC', 2), ('PNR', 2), ('RVTY', 6), ('TRGP', 2), ('XYZ', 1)]
