# F2 (a)+(b) at state ≤ 2022-10-31: tickers with any TTM change (2017+): 65
ADP Industrials : value-changes=0 avail-only=0 ruleA-hits=0 ruleB-hits=0
AMP Financials : value-changes=6 avail-only=0 ruleA-hits=10 ruleB-hits=0
    val ('2018-03-31', (11472, '2018-05-02'), (12348, '2018-05-02'))
    val ('2018-06-30', (10813, '2018-08-06'), (12567, '2018-08-06'))
    val ('2018-09-30', (10194, '2018-11-05'), (12890, '2018-11-05'))
    val ('2019-03-31', (13769, '2019-05-01'), (12893, '2019-05-01'))
    val ('2019-06-30', (14713, '2019-08-05'), (12959, '2019-08-05'))
    val ('2019-09-30', (15690, '2019-11-12'), (12994, '2019-11-12'))
AMT Real Estate : value-changes=13 avail-only=0 ruleA-hits=20 ruleB-hits=0
    val ('2019-09-30', (5972, '2019-10-31'), (7788, '2019-10-31'))
    val ('2019-12-31', (5764, '2020-02-25'), (7580, '2020-02-25'))
    val ('2020-03-31', (4069, '2020-04-29'), (7760, '2020-04-29'))
    val ('2020-06-30', (2296, '2020-07-30'), (7783, '2020-07-30'))
    val ('2020-09-30', (2291, '2020-10-29'), (7843, '2020-10-29'))
    val ('2020-12-31', (496, '2021-02-25'), (8042, '2021-02-25'))
    TTM new: [('2017-06-30', (6333, '2017-07-27')), ('2017-09-30', (6499, '2017-10-31')), ('2017-12-31', (6664, '2018-02-28')), ('2018-03-31', (6790, '2018-05-02')), ('2018-06-30', (6908, '2018-07-31')), ('2018-09-30', (7013, '2018-10-30')), ('2018-12-31', (7440, '2019-02-27'))]
    TTM base: [('2017-06-30', (6333, '2017-07-27')), ('2017-09-30', (6499, '2017-10-31')), ('2017-12-31', (6664, '2018-02-28')), ('2018-03-31', (6790, '2018-05-02')), ('2018-06-30', (6908, '2018-07-31')), ('2018-09-30', (7013, '2018-10-30')), ('2018-12-31', (7440, '2019-02-27'))]
    q new: [('2017-03-31', 1616), ('2017-06-30', 1662), ('2017-09-30', 1681), ('2017-12-31', 1704), ('2018-03-31', 1742), ('2018-06-30', 1781), ('2018-09-30', 1786)]
ARES Financials : value-changes=7 avail-only=0 ruleA-hits=4 ruleB-hits=0
    val ('2020-03-31', (1010, '2020-05-08'), (1426, '2020-05-08'))
    val ('2020-06-30', (1326, '2020-08-07'), (1742, '2020-08-07'))
    val ('2020-09-30', (1543, '2020-11-06'), (1959, '2020-11-06'))
    val ('2020-12-31', (1764, '2021-02-25'), (2102, '2021-02-25'))
    val ('2021-03-31', (2409, '2021-05-06'), (2331, '2021-05-06'))
    val ('2021-06-30', (3101, '2021-08-09'), (3023, '2021-08-09'))
AVB Real Estate : value-changes=14 avail-only=0 ruleA-hits=29 ruleB-hits=0
    val ('2019-03-31', (1725, '2019-05-03'), (2290, '2019-05-03'))
    val ('2019-06-30', (1157, '2019-08-06'), (2298, '2019-08-06'))
    val ('2019-09-30', (582, '2019-11-05'), (2310, '2019-11-05'))
    val ('2019-12-31', (597, '2020-02-21'), (2325, '2020-02-21'))
    val ('2020-03-31', (597, '2020-05-08'), (2360, '2020-05-08'))
    val ('2020-06-30', (597, '2020-08-05'), (2359, '2020-08-05'))
BRK.B Financials : value-changes=16 avail-only=0 ruleA-hits=27 ruleB-hits=0
    val ('2018-09-30', (225007, '2018-11-05'), (243030, '2018-11-05'))
    val ('2018-12-31', (229814, '2019-02-25'), (247837, '2019-02-25'))
    val ('2019-03-31', (213733, '2019-05-06'), (250042, '2019-05-06'))
    val ('2019-06-30', (195993, '2019-08-05'), (251440, '2019-08-05'))
    val ('2019-09-30', (195735, '2019-11-04'), (252962, '2019-11-04'))
    val ('2019-12-31', (197389, '2020-02-24'), (254616, '2020-02-24'))
CAT Industrials CARD: value-changes=0 avail-only=0 ruleA-hits=0 ruleB-hits=0
CBRE Real Estate : value-changes=18 avail-only=0 ruleA-hits=29 ruleB-hits=0
    val ('2018-06-30', (17510, '2018-08-09'), (17672, '2018-08-09'))
    val ('2018-09-30', (19053, '2018-11-09'), (19383, '2018-11-09'))
    val ('2018-12-31', (20803, '2019-03-01'), (21340, '2019-03-01'))
    val ('2019-03-31', (21128, '2019-05-10'), (21802, '2019-05-10'))
    val ('2019-06-30', (21741, '2019-08-09'), (22404, '2019-08-09'))
    val ('2019-09-30', (22409, '2019-11-06'), (23068, '2019-11-06'))
CCI Real Estate : value-changes=16 avail-only=0 ruleA-hits=32 ruleB-hits=0
    val ('2018-09-30', (4058, '2018-11-05'), (5242, '2018-11-05'))
    val ('2018-12-31', (4239, '2019-02-25'), (5423, '2019-02-25'))
    val ('2019-03-31', (3147, '2019-05-03'), (5550, '2019-05-03'))
    val ('2019-06-30', (2057, '2019-07-31'), (5698, '2019-07-31'))
    val ('2019-09-30', (2120, '2019-11-04'), (5837, '2019-11-04'))
    val ('2019-12-31', (2127, '2020-03-10'), (5844, '2020-03-10'))
CFG Financials : value-changes=13 avail-only=0 ruleA-hits=26 ruleB-hits=0
    val ('2019-06-30', (5043, '2019-08-06'), (6373, '2019-08-06'))
    val ('2019-09-30', (3764, '2019-11-06'), (6447, '2019-11-06'))
    val ('2019-12-31', (2480, '2020-02-24'), (6491, '2020-02-24'))
    val ('2020-03-31', (1186, '2020-05-07'), (6560, '2020-05-07'))
    val ('2020-06-30', (1115, '2020-08-06'), (6682, '2020-08-06'))
    val ('2020-09-30', (1088, '2020-11-04'), (6835, '2020-11-04'))
CMS Utilities : value-changes=19 avail-only=0 ruleA-hits=29 ruleB-hits=0
    val ('2018-03-31', (6627, '2018-04-26'), (6707, '2018-04-26'))
    val ('2018-06-30', (6591, '2018-07-26'), (6750, '2018-07-26'))
    val ('2018-09-30', (6583, '2018-10-25'), (6822, '2018-10-25'))
    val ('2018-12-31', (6634, '2019-02-05'), (6873, '2019-02-05'))
    val ('2019-03-31', (6718, '2019-04-25'), (6979, '2019-04-25'))
    val ('2019-06-30', (6652, '2019-07-25'), (6932, '2019-07-25'))
CNC Health Care : value-changes=18 avail-only=0 ruleA-hits=35 ruleB-hits=0
    val ('2018-06-30', (50773, '2018-07-24'), (52079, '2018-07-24'))
    val ('2018-09-30', (54230, '2018-10-23'), (56363, '2018-10-23'))
    val ('2018-12-31', (57983, '2019-02-19'), (60116, '2019-02-19'))
    val ('2019-03-31', (61627, '2019-04-23'), (65366, '2019-04-23'))
    val ('2019-06-30', (66051, '2019-07-23'), (69541, '2019-07-23'))
    val ('2019-09-30', (68911, '2019-10-22'), (72335, '2019-10-22'))
CNP Utilities : value-changes=10 avail-only=0 ruleA-hits=19 ruleB-hits=0
    val ('2018-03-31', (9005, '2018-05-04'), (10034, '2018-05-04'))
    val ('2018-06-30', (8311, '2018-08-03'), (10077, '2018-08-03'))
    val ('2018-09-30', (7598, '2018-11-08'), (10191, '2018-11-08'))
    val ('2018-12-31', (7996, '2019-02-28'), (10589, '2019-02-28'))
    val ('2019-03-31', (8409, '2019-05-09'), (10965, '2019-05-09'))
    val ('2019-06-30', (9016, '2019-08-07'), (11577, '2019-08-07'))
COF Financials CARD: value-changes=18 avail-only=0 ruleA-hits=27 ruleB-hits=0
    val ('2018-03-31', (21506, '2018-05-02'), (27611, '2018-05-02'))
    val ('2018-06-30', (15684, '2018-07-27'), (28099, '2018-07-27'))
    val ('2018-09-30', (9557, '2018-11-01'), (28076, '2018-11-01'))
    val ('2018-12-31', (3431, '2019-02-20'), (28076, '2019-02-20'))
    val ('2019-03-31', (3521, '2019-05-01'), (28250, '2019-05-01'))
    val ('2019-06-30', (3608, '2019-07-31'), (28182, '2019-07-31'))
COST Consumer Staples CARD: value-changes=0 avail-only=0 ruleA-hits=0 ruleB-hits=0
CPT Real Estate : value-changes=0 avail-only=0 ruleA-hits=0 ruleB-hits=0
    TTM new: [('2017-12-31', (901, '2019-02-15')), ('2018-03-31', (912, '2019-02-15')), ('2018-06-30', (926, '2019-02-15')), ('2018-09-30', (939, '2019-02-15')), ('2018-12-31', (955, '2019-02-15'))]
    TTM base: [('2017-12-31', (901, '2019-02-15')), ('2018-03-31', (912, '2019-02-15')), ('2018-06-30', (926, '2019-02-15')), ('2018-09-30', (939, '2019-02-15')), ('2018-12-31', (955, '2019-02-15'))]
    q new: [('2017-03-31', 220), ('2017-06-30', 223), ('2017-09-30', 228), ('2017-12-31', 230), ('2018-03-31', 231), ('2018-06-30', 237), ('2018-09-30', 242)]
CVX Energy CARD: value-changes=17 avail-only=0 ruleA-hits=22 ruleB-hits=0
    val ('2018-06-30', (152076, '2018-08-02'), (153821, '2018-08-02'))
    val ('2018-09-30', (157976, '2018-11-08'), (161603, '2018-11-08'))
    val ('2018-12-31', (160698, '2019-02-22'), (166339, '2019-02-22'))
    val ('2019-03-31', (157123, '2019-05-02'), (163775, '2019-05-02'))
    val ('2019-06-30', (152955, '2019-08-07'), (160389, '2019-08-07'))
    val ('2019-09-30', (145629, '2019-11-07'), (152518, '2019-11-07'))
D Utilities : value-changes=6 avail-only=0 ruleA-hits=14 ruleB-hits=0
    val ('2020-03-31', (17037, '2020-05-05'), (17210, '2020-05-05'))
    val ('2020-06-30', (16537, '2020-08-05'), (16825, '2020-08-05'))
    val ('2020-09-30', (15804, '2020-11-06'), (16163, '2020-11-06'))
    val ('2020-12-31', (14850, '2021-02-25'), (15209, '2021-02-25'))
    val ('2021-03-31', (14367, '2021-05-04'), (14553, '2021-05-04'))
    val ('2021-06-30', (13981, '2021-08-06'), (14052, '2021-08-06'))
DHR Health Care CARD: value-changes=4 avail-only=0 ruleA-hits=2 ruleB-hits=0
    val ('2018-12-31', (17048, '2019-02-21'), (17808, '2019-02-21'))
    val ('2019-03-29', (17246, '2019-04-18'), (18005, '2019-04-18'))
    val ('2019-06-28', (17443, '2019-07-18'), (18202, '2019-07-18'))
    val ('2019-09-27', (17647, '2019-10-24'), (18406, '2019-10-24'))
DOC Real Estate : value-changes=14 avail-only=0 ruleA-hits=28 ruleB-hits=0
    val ('2019-03-31', (1494, '2019-05-02'), (1804, '2019-05-02'))
    val ('2019-06-30', (1202, '2019-08-01'), (1826, '2019-08-01'))
    val ('2019-09-30', (959, '2019-10-31'), (1908, '2019-10-31'))
    val ('2019-12-31', (1049, '2020-02-13'), (1997, '2020-02-13'))
    val ('2020-03-31', (1186, '2020-05-06'), (2146, '2020-05-06'))
    val ('2020-06-30', (1278, '2020-08-05'), (2243, '2020-08-05'))
DVN Energy : value-changes=11 avail-only=0 ruleA-hits=16 ruleB-hits=0
    val ('2019-03-31', (9824, '2019-05-01'), (10534, '2019-05-01'))
    val ('2019-06-30', (7808, '2019-08-07'), (9709, '2019-08-07'))
    val ('2019-09-30', (5929, '2019-11-06'), (8977, '2019-11-06'))
    val ('2019-12-31', (3810, '2020-02-19'), (6858, '2020-02-19'))
    val ('2020-03-31', (3579, '2020-05-06'), (7444, '2020-05-06'))
    val ('2020-06-30', (3604, '2020-08-05'), (6278, '2020-08-05'))
ECHO Communication Services : value-changes=6 avail-only=0 ruleA-hits=5 ruleB-hits=0
    val ('2018-03-31', (1818, '2018-05-10'), (1954, '2018-05-10'))
    val ('2018-06-30', (1736, '2018-08-07'), (2015, '2018-08-07'))
    val ('2018-09-30', (1657, '2018-11-08'), (2067, '2018-11-08'))
    val ('2018-12-31', (1682, '2019-02-21'), (2091, '2019-02-21'))
    val ('2019-03-31', (1847, '2019-05-08'), (2121, '2019-05-08'))
    val ('2019-06-30', (2001, '2019-08-08'), (2132, '2019-08-08'))
ED Utilities : value-changes=17 avail-only=0 ruleA-hits=14 ruleB-hits=0
    val ('2018-06-30', (12087, '2018-08-02'), (12201, '2018-08-02'))
    val ('2018-09-30', (12174, '2018-11-01'), (12288, '2018-11-01'))
    val ('2018-12-31', (12024, '2019-02-21'), (12276, '2019-02-21'))
    val ('2019-03-31', (12019, '2019-05-02'), (12457, '2019-05-02'))
    val ('2019-06-30', (12041, '2019-08-01'), (12505, '2019-08-01'))
    val ('2019-09-30', (12080, '2019-11-04'), (12544, '2019-11-04'))
EQT Energy : value-changes=14 avail-only=0 ruleA-hits=10 ruleB-hits=0
    val ('2018-03-31', (3732, '2019-02-14'), (3815, '2019-02-14'))
    val ('2018-06-30', (4148, '2019-02-14'), (4231, '2019-02-14'))
    val ('2018-09-30', (4647, '2019-02-14'), (4730, '2019-02-14'))
    val ('2018-12-31', (4859, '2019-02-14'), (4942, '2019-02-14'))
    val ('2019-06-30', (4576, '2019-07-25'), (4985, '2019-07-25'))
    val ('2019-09-30', (4187, '2019-10-31'), (4779, '2019-10-31'))
ESS Real Estate : value-changes=11 avail-only=0 ruleA-hits=24 ruleB-hits=0
    val ('2020-03-31', (1107, '2020-05-07'), (1496, '2020-05-07'))
    val ('2020-06-30', (747, '2020-08-05'), (1505, '2020-08-05'))
    val ('2020-09-30', (383, '2020-10-30'), (1509, '2020-10-30'))
    val ('2020-12-31', (10, '2021-02-19'), (1496, '2021-02-19'))
    val ('2021-03-31', (9, '2021-04-28'), (1459, '2021-04-28'))
    val ('2021-06-30', (9, '2021-07-30'), (1439, '2021-07-30'))
EVRG Utilities : value-changes=14 avail-only=0 ruleA-hits=19 ruleB-hits=0
    val ('2019-03-31', (4845, '2019-05-08'), (4877, '2019-05-08'))
    val ('2019-06-30', (5146, '2019-08-07'), (5205, '2019-08-07'))
    val ('2019-09-30', (5146, '2019-11-06'), (5205, '2019-11-06'))
    val ('2019-12-31', (5077, '2020-03-02'), (5136, '2020-03-02'))
    val ('2020-03-31', (4978, '2020-05-06'), (5036, '2020-05-06'))
    val ('2020-06-30', (4930, '2020-08-05'), (4999, '2020-08-05'))
EXE Energy : value-changes=4 avail-only=0 ruleA-hits=1 ruleB-hits=0
    val ('2018-03-31', (8103, '2018-05-02'), (9232, '2018-05-02'))
    val ('2018-06-30', (8077, '2018-08-01'), (9206, '2018-08-01'))
    val ('2018-09-30', (8552, '2018-10-30'), (9681, '2018-10-30'))
    val ('2018-12-31', (8826, '2021-02-02'), (9955, '2021-02-02'))
EXR Real Estate : value-changes=14 avail-only=0 ruleA-hits=29 ruleB-hits=0
    val ('2019-03-31', (922, '2019-05-07'), (1223, '2019-05-07'))
    val ('2019-06-30', (637, '2019-08-06'), (1249, '2019-08-06'))
    val ('2019-09-30', (343, '2019-11-05'), (1280, '2019-11-05'))
    val ('2019-12-31', (372, '2020-02-25'), (1308, '2020-02-25'))
    val ('2020-03-31', (373, '2020-05-08'), (1329, '2020-05-08'))
    val ('2020-06-30', (374, '2020-08-06'), (1333, '2020-08-06'))
FANG Energy : value-changes=6 avail-only=0 ruleA-hits=8 ruleB-hits=0
    val ('2020-06-30', (3390, '2020-08-10'), (3403, '2020-08-10'))
    val ('2020-09-30', (3122, '2020-11-05'), (3135, '2020-11-05'))
    val ('2020-12-31', (2772, '2021-02-25'), (2800, '2021-02-25'))
    val ('2021-03-31', (3045, '2021-05-07'), (3073, '2021-05-07'))
    val ('2021-06-30', (4300, '2021-08-05'), (4315, '2021-08-05'))
    val ('2021-09-30', (5490, '2021-11-04'), (5505, '2021-11-04'))
FCX Materials : value-changes=13 avail-only=0 ruleA-hits=13 ruleB-hits=0
    val ('2019-03-31', (17594, '2019-05-07'), (17714, '2019-05-07'))
    val ('2019-06-30', (16037, '2019-08-06'), (16157, '2019-08-06'))
    val ('2019-09-30', (14215, '2019-11-06'), (14335, '2019-11-06'))
    val ('2019-12-31', (14442, '2020-02-14'), (14562, '2020-02-14'))
    val ('2020-06-30', (13019, '2020-08-07'), (13198, '2020-08-07'))
    val ('2020-09-30', (13557, '2020-11-06'), (13845, '2020-11-06'))
FE Utilities : value-changes=10 avail-only=0 ruleA-hits=10 ruleB-hits=0
    val ('2018-09-30', (11949, '2018-10-25'), (12027, '2018-10-25'))
    val ('2018-12-31', (11217, '2019-02-19'), (11295, '2019-02-19'))
    val ('2019-03-31', (11131, '2019-04-23'), (11286, '2019-04-23'))
    val ('2019-06-30', (10950, '2019-07-23'), (11173, '2019-07-23'))
    val ('2019-09-30', (10890, '2019-11-04'), (11035, '2019-11-04'))
    val ('2019-12-31', (10853, '2020-02-10'), (10998, '2020-02-10'))
GD Industrials : value-changes=4 avail-only=0 ruleA-hits=2 ruleB-hits=0
    val ('2017-12-31', (15618, '2018-02-12'), (24746, '2018-02-12'))
    val ('2018-04-01', (15712, '2018-04-25'), (24840, '2018-04-25'))
    val ('2018-07-01', (17223, '2018-07-25'), (26351, '2018-07-25'))
    val ('2018-09-30', (18737, '2018-10-24'), (27865, '2018-10-24'))
    TTM new: [('2017-07-02', (31080, '2017-07-26')), ('2017-10-01', (30929, '2017-10-25')), ('2017-12-31', (24746, '2018-02-12')), ('2018-04-01', (24840, '2018-04-25')), ('2018-07-01', (26351, '2018-07-25')), ('2018-09-30', (27865, '2018-10-24')), ('2018-12-31', (36193, '2019-02-13'))]
    TTM base: [('2017-07-02', (31080, '2017-07-26')), ('2017-10-01', (30929, '2017-10-25')), ('2017-12-31', (15618, '2018-02-12')), ('2018-04-01', (15712, '2018-04-25')), ('2018-07-01', (17223, '2018-07-25')), ('2018-09-30', (18737, '2018-10-24')), ('2018-12-31', (36193, '2019-02-13'))]
    q new: [('2017-04-02', 7441), ('2017-07-02', 7675), ('2017-10-01', 7580), ('2017-12-31', 2050), ('2018-04-01', 7535), ('2018-07-01', 9186), ('2018-09-30', 9094)]
GE Industrials CARD: value-changes=0 avail-only=0 ruleA-hits=0 ruleB-hits=0
GIS Consumer Staples : value-changes=0 avail-only=0 ruleA-hits=0 ruleB-hits=0
    TTM new: [('2018-05-27', (15740, '2019-06-28')), ('2018-08-26', (16065, '2019-06-28')), ('2018-11-25', (16278, '2019-06-28'))]
    TTM base: [('2018-05-27', (15740, '2019-06-28')), ('2018-08-26', (16065, '2019-06-28')), ('2018-11-25', (16278, '2019-06-28'))]
    q new: [('2017-08-27', 3769), ('2017-11-26', 4199), ('2018-02-25', 3882), ('2018-05-27', 3890), ('2018-08-26', 4094), ('2018-11-25', 4411)]
GM Consumer Discretionary : value-changes=11 avail-only=0 ruleA-hits=24 ruleB-hits=0
    val ('2020-03-31', (131509, '2020-05-06'), (135068, '2020-05-06'))
    val ('2020-06-30', (108812, '2020-07-29'), (115786, '2020-07-29'))
    val ('2020-09-30', (105406, '2020-11-05'), (115793, '2020-11-05'))
    val ('2020-12-31', (108673, '2021-02-10'), (122485, '2021-02-10'))
    val ('2021-03-31', (108590, '2021-05-05'), (122250, '2021-05-05'))
    val ('2021-06-30', (125971, '2021-08-04'), (139639, '2021-08-04'))
HIG Financials : value-changes=15 avail-only=0 ruleA-hits=30 ruleB-hits=0
    val ('2019-03-31', (14603, '2019-05-01'), (19204, '2019-05-01'))
    val ('2019-06-30', (10168, '2019-08-01'), (19507, '2019-08-01'))
    val ('2019-09-30', (5685, '2019-11-04'), (20012, '2019-11-04'))
    val ('2019-12-31', (6413, '2020-02-21'), (20740, '2020-02-21'))
    val ('2020-03-31', (6415, '2020-04-29'), (20756, '2020-04-29'))
    val ('2020-06-30', (6380, '2020-07-31'), (20732, '2020-07-31'))
HOOD Financials : value-changes=5 avail-only=0 ruleA-hits=4 ruleB-hits=0
    val ('2021-03-31', (1296, '2022-05-06'), (1353, '2022-05-06'))
    val ('2021-06-30', (1560, '2022-05-06'), (1674, '2022-05-06'))
    val ('2021-09-30', (1656, '2022-05-06'), (1770, '2022-05-06'))
    val ('2021-12-31', (1701, '2022-05-06'), (1815, '2022-05-06'))
    val ('2022-03-31', (1478, '2022-05-06'), (1592, '2022-05-06'))
IBKR Financials : value-changes=11 avail-only=0 ruleA-hits=12 ruleB-hits=0
    val ('2018-03-31', (1774, '2018-05-09'), (2139, '2018-05-09'))
    val ('2018-06-30', (1557, '2018-08-08'), (2254, '2018-08-08'))
    val ('2018-09-30', (1274, '2018-11-07'), (2325, '2018-11-07'))
    val ('2018-12-31', (925, '2019-02-28'), (2366, '2019-02-28'))
    val ('2019-03-31', (877, '2019-05-09'), (2465, '2019-05-09'))
    val ('2019-06-30', (869, '2019-08-08'), (2498, '2019-08-08'))
ICE Financials : value-changes=4 avail-only=0 ruleA-hits=3 ruleB-hits=0
    val ('2017-12-31', (4629, '2018-02-07'), (5834, '2018-02-07'))
    val ('2018-03-31', (4740, '2018-05-03'), (5945, '2018-05-03'))
    val ('2018-06-30', (4802, '2018-08-02'), (6007, '2018-08-02'))
    val ('2018-09-30', (4833, '2018-10-31'), (6038, '2018-10-31'))
INVH Real Estate : value-changes=7 avail-only=0 ruleA-hits=10 ruleB-hits=0
    val ('2017-12-31', (597, '2019-02-28'), (1054, '2019-02-28'))
    val ('2018-03-31', (781, '2019-02-28'), (1239, '2019-02-28'))
    val ('2018-06-30', (796, '2019-02-28'), (1430, '2019-02-28'))
    val ('2018-09-30', (812, '2019-02-28'), (1620, '2019-02-28'))
    val ('2018-12-31', (915, '2019-02-28'), (1723, '2019-02-28'))
    val ('2019-03-31', (927, '2020-02-19'), (1735, '2020-02-19'))
IRM Real Estate : value-changes=9 avail-only=0 ruleA-hits=16 ruleB-hits=0
    val ('2020-06-30', (3516, '2020-08-06'), (4193, '2020-08-06'))
    val ('2020-09-30', (2794, '2020-11-05'), (4167, '2020-11-05'))
    val ('2020-12-31', (2077, '2021-02-24'), (4147, '2021-02-24'))
    val ('2021-03-31', (1382, '2021-05-06'), (4161, '2021-05-06'))
    val ('2021-06-30', (1478, '2021-08-05'), (4298, '2021-08-05'))
    val ('2021-09-30', (1549, '2021-11-04'), (4392, '2021-11-04'))
KEY Financials : value-changes=18 avail-only=0 ruleA-hits=27 ruleB-hits=0
    val ('2018-03-31', (5122, '2018-05-03'), (6355, '2018-05-03'))
    val ('2018-06-30', (3824, '2018-08-02'), (6362, '2018-08-02'))
    val ('2018-09-30', (2604, '2018-11-01'), (6410, '2018-11-01'))
    val ('2018-12-31', (1345, '2019-02-25'), (6455, '2019-02-25'))
    val ('2019-03-31', (1324, '2019-05-03'), (6423, '2019-05-03'))
    val ('2019-06-30', (1314, '2019-08-01'), (6387, '2019-08-01'))
KKR Financials : value-changes=16 avail-only=0 ruleA-hits=22 ruleB-hits=0
    val ('2017-12-31', (2528, '2019-02-15'), (3557, '2019-02-15'))
    val ('2018-03-31', (2233, '2019-02-15'), (3262, '2019-02-15'))
    val ('2018-06-30', (2266, '2019-02-15'), (3218, '2019-02-15'))
    val ('2018-09-30', (2402, '2019-02-15'), (3598, '2019-02-15'))
    val ('2018-12-31', (1200, '2019-02-15'), (2396, '2019-02-15'))
    val ('2019-03-31', (1100, '2019-05-03'), (3111, '2019-05-03'))
KMI Energy : value-changes=18 avail-only=0 ruleA-hits=25 ruleB-hits=0
    val ('2018-06-30', (13648, '2018-07-20'), (13759, '2018-07-20'))
    val ('2018-09-30', (13720, '2018-10-19'), (13995, '2018-10-19'))
    val ('2018-12-31', (13482, '2019-02-08'), (14144, '2019-02-08'))
    val ('2019-03-31', (13236, '2019-04-23'), (14155, '2019-04-23'))
    val ('2019-06-30', (12890, '2019-07-19'), (13941, '2019-07-19'))
    val ('2019-09-30', (12490, '2019-10-21'), (13638, '2019-10-21'))
L Financials : value-changes=19 avail-only=0 ruleA-hits=36 ruleB-hits=0
    val ('2018-03-31', (11703, '2018-04-30'), (14016, '2018-04-30'))
    val ('2018-06-30', (9557, '2018-07-30'), (14247, '2018-07-30'))
    val ('2018-09-30', (7245, '2018-11-05'), (14334, '2018-11-05'))
    val ('2018-12-31', (6977, '2019-02-13'), (14066, '2019-02-13'))
    val ('2019-03-31', (6676, '2019-04-29'), (14242, '2019-04-29'))
    val ('2019-06-30', (6408, '2019-08-05'), (14275, '2019-08-05'))
LDOS Industrials : value-changes=4 avail-only=0 ruleA-hits=1 ruleB-hits=0
    val ('2019-09-27', (10729, '2019-10-29'), (10787, '2019-10-29'))
    val ('2020-01-03', (11006, '2020-02-18'), (11064, '2020-02-18'))
    val ('2020-04-03', (11293, '2020-05-05'), (11351, '2020-05-05'))
    val ('2020-07-03', (11457, '2020-08-04'), (11515, '2020-08-04'))
LYB Materials : value-changes=17 avail-only=0 ruleA-hits=31 ruleB-hits=0
    val ('2018-09-30', (39034, '2018-10-30'), (39263, '2018-10-30'))
    val ('2018-12-31', (38775, '2019-02-21'), (39004, '2019-02-21'))
    val ('2019-03-31', (37573, '2019-04-26'), (38015, '2019-04-26'))
    val ('2019-06-30', (36195, '2019-08-02'), (36857, '2019-08-02'))
    val ('2019-09-30', (34796, '2019-11-01'), (35424, '2019-11-01'))
    val ('2019-12-31', (34099, '2020-02-20'), (34727, '2020-02-20'))
MA Financials CARD: value-changes=0 avail-only=0 ruleA-hits=0 ruleB-hits=0
MET Financials : value-changes=14 avail-only=0 ruleA-hits=27 ruleB-hits=0
    val ('2019-03-31', (53473, '2019-05-08'), (69438, '2019-05-08'))
    val ('2019-06-30', (32612, '2019-08-06'), (65750, '2019-08-06'))
    val ('2019-09-30', (16636, '2019-11-05'), (68139, '2019-11-05'))
    val ('2019-12-31', (18117, '2020-02-21'), (69620, '2020-02-21'))
    val ('2020-03-31', (18125, '2020-05-08'), (71628, '2020-05-08'))
    val ('2020-06-30', (18125, '2020-08-07'), (68230, '2020-08-07'))
NI Utilities : value-changes=15 avail-only=0 ruleA-hits=23 ruleB-hits=0
    val ('2018-06-30', (4985, '2018-08-01'), (5010, '2018-08-01'))
    val ('2018-09-30', (4923, '2018-11-01'), (4988, '2018-11-01'))
    val ('2018-12-31', (4991, '2019-02-20'), (4958, '2019-02-20'))
    val ('2019-03-31', (5108, '2019-05-01'), (5075, '2019-05-01'))
    val ('2019-06-30', (5096, '2019-07-31'), (5078, '2019-07-31'))
    val ('2019-09-30', (5131, '2019-10-30'), (5115, '2019-10-30'))
NRG Utilities : value-changes=16 avail-only=0 ruleA-hits=19 ruleB-hits=0
    val ('2018-03-31', (10070, '2018-05-03'), (10668, '2018-05-03'))
    val ('2018-06-30', (9297, '2018-08-02'), (10889, '2018-08-02'))
    val ('2018-09-30', (8323, '2018-11-08'), (10901, '2018-11-08'))
    val ('2018-12-31', (7818, '2019-02-28'), (10396, '2019-02-28'))
    val ('2019-03-31', (7774, '2019-05-02'), (10140, '2019-05-02'))
    val ('2019-06-30', (7629, '2019-08-07'), (9683, '2019-08-07'))
NTRS Financials : value-changes=12 avail-only=0 ruleA-hits=5 ruleB-hits=0
    val ('2019-12-31', (3852, '2020-04-27'), (6073, '2020-04-27'))
    val ('2020-03-31', (3927, '2020-04-27'), (6148, '2020-04-27'))
    val ('2020-06-30', (3933, '2020-07-28'), (6154, '2020-07-28'))
    val ('2020-09-30', (3961, '2020-10-27'), (6182, '2020-10-27'))
    val ('2020-12-31', (3995, '2021-02-23'), (6101, '2021-02-23'))
    val ('2021-03-31', (4055, '2021-04-27'), (6161, '2021-04-27'))
NVDA Information Technology CARD: value-changes=0 avail-only=0 ruleA-hits=0 ruleB-hits=0
ORCL Information Technology CARD: value-changes=4 avail-only=0 ruleA-hits=0 ruleB-hits=1
    val ('2018-05-31', (67962, '2020-06-22'), (39831, '2018-06-22'))
    val ('2018-08-31', (67968, '2020-06-22'), (39837, '2018-09-19'))
    val ('2018-11-30', (67909, '2020-06-22'), (39778, '2018-12-19'))
    val ('2019-02-28', (67752, '2020-06-22'), (39621, '2019-03-18'))
    ruleB: [('2018-03-01', '2018-05-31', 39383000000, 39831000000)]
    TTM new: [('2017-08-31', (38320, '2017-09-18')), ('2017-11-30', (38906, '2017-12-18')), ('2018-02-28', (39472, '2018-03-21')), ('2018-05-31', (39831, '2018-06-22')), ('2018-08-31', (39837, '2018-09-19')), ('2018-11-30', (39778, '2018-12-19'))]
    TTM base: [('2017-08-31', (38320, '2017-09-18')), ('2017-11-30', (38906, '2017-12-18')), ('2018-02-28', (39472, '2018-03-21')), ('2018-05-31', (67962, '2020-06-22')), ('2018-08-31', (67968, '2020-06-22')), ('2018-11-30', (67909, '2020-06-22'))]
    q new: [('2017-02-28', 9205), ('2017-05-31', 10893), ('2017-08-31', 9187), ('2017-11-30', 9621), ('2018-02-28', 9771), ('2018-05-31', 11252), ('2018-08-31', 9193), ('2018-11-30', 9562)]
OXY Energy : value-changes=16 avail-only=0 ruleA-hits=15 ruleB-hits=0
    val ('2018-06-30', (14016, '2018-08-08'), (14268, '2018-08-08'))
    val ('2018-09-30', (15274, '2018-11-05'), (16485, '2018-11-05'))
    val ('2018-12-31', (17793, '2019-02-21'), (17755, '2019-02-21'))
    val ('2019-03-31', (18103, '2019-05-06'), (18065, '2019-05-06'))
    val ('2019-06-30', (18003, '2019-07-31'), (18402, '2019-07-31'))
    val ('2019-09-30', (19433, '2019-11-04'), (18873, '2019-11-04'))
PAYX Industrials : value-changes=10 avail-only=0 ruleA-hits=18 ruleB-hits=0
    val ('2018-11-30', (3441, '2018-12-21'), (3459, '2018-12-21'))
    val ('2019-02-28', (3622, '2019-03-29'), (3663, '2019-03-29'))
    val ('2019-05-31', (3709, '2019-07-24'), (3772, '2019-07-24'))
    val ('2019-08-31', (3818, '2019-10-04'), (3902, '2019-10-04'))
    val ('2019-11-30', (3948, '2019-12-20'), (4034, '2019-12-20'))
    val ('2020-02-29', (4022, '2020-03-27'), (4085, '2020-03-27'))
PM Consumer Staples CARD: value-changes=0 avail-only=0 ruleA-hits=0 ruleB-hits=0
    TTM new: [('2017-06-30', (74999, '2017-07-27')), ('2017-09-30', (75702, '2017-10-26')), ('2017-12-31', (78098, '2018-02-13')), ('2018-03-31', (68438, '2018-04-26')), ('2018-06-30', (56845, '2018-07-26')), ('2018-09-30', (43711, '2018-10-25')), ('2018-12-31', (29625, '2019-02-07'))]
    TTM base: [('2017-06-30', (74999, '2017-07-27')), ('2017-09-30', (75702, '2017-10-26')), ('2017-12-31', (78098, '2018-02-13')), ('2018-03-31', (68438, '2018-04-26')), ('2018-06-30', (56845, '2018-07-26')), ('2018-09-30', (43711, '2018-10-25')), ('2018-12-31', (29625, '2019-02-07'))]
    q new: [('2017-03-31', 16556), ('2017-06-30', 19319), ('2017-09-30', 20638), ('2017-12-31', 21585), ('2018-03-31', 6896), ('2018-06-30', 7726), ('2018-09-30', 7504)]
PODD Health Care : value-changes=2 avail-only=0 ruleA-hits=3 ruleB-hits=0
    val ('2022-03-31', (1094, '2022-05-06'), (1142, '2022-05-06'))
    val ('2022-06-30', (1074, '2022-08-05'), (1178, '2022-08-05'))
PPL Utilities : value-changes=1 avail-only=0 ruleA-hits=2 ruleB-hits=0
    val ('2022-06-30', (6418, '2022-08-03'), (6464, '2022-08-03'))
PRU Financials : value-changes=5 avail-only=0 ruleA-hits=8 ruleB-hits=0
    val ('2018-06-30', (47345, '2018-08-03'), (60990, '2018-08-03'))
    val ('2018-09-30', (32069, '2018-11-08'), (60825, '2018-11-08'))
    val ('2018-12-31', (34236, '2019-02-15'), (62992, '2019-02-15'))
    val ('2019-03-31', (35570, '2019-05-03'), (64326, '2019-05-03'))
    val ('2019-06-30', (49948, '2019-08-02'), (65059, '2019-08-02'))
RSG Industrials : value-changes=19 avail-only=0 ruleA-hits=36 ruleB-hits=0
    val ('2018-03-31', (11116, '2018-05-03'), (11556, '2018-05-03'))
    val ('2018-06-30', (10582, '2018-07-27'), (11502, '2018-07-27'))
    val ('2018-09-30', (10071, '2018-10-26'), (11460, '2018-10-26'))
    val ('2018-12-31', (10041, '2019-02-08'), (11430, '2019-02-08'))
    val ('2019-03-31', (10084, '2019-04-26'), (11473, '2019-04-26'))
    val ('2019-06-30', (10172, '2019-07-26'), (11577, '2019-07-26'))
SBAC Real Estate : value-changes=14 avail-only=0 ruleA-hits=28 ruleB-hits=0
    val ('2019-03-31', (1449, '2019-05-09'), (1901, '2019-05-09'))
    val ('2019-06-30', (1033, '2019-08-06'), (1945, '2019-08-06'))
    val ('2019-09-30', (605, '2019-11-07'), (1985, '2019-11-07'))
    val ('2019-12-31', (635, '2020-02-24'), (2015, '2020-02-24'))
    val ('2020-03-31', (618, '2020-05-06'), (2038, '2020-05-06'))
    val ('2020-06-30', (602, '2020-08-06'), (2045, '2020-08-06'))
SNA Industrials : value-changes=19 avail-only=0 ruleA-hits=29 ruleB-hits=0
    val ('2018-03-31', (3892, '2018-04-19'), (3975, '2018-04-19'))
    val ('2018-06-30', (3848, '2018-07-19'), (4012, '2018-07-19'))
    val ('2018-09-29', (3757, '2018-10-18'), (4010, '2018-10-18'))
    val ('2018-12-29', (3730, '2019-02-14'), (4070, '2019-02-14'))
    val ('2019-03-30', (3711, '2019-04-18'), (4059, '2019-04-18'))
    val ('2019-06-29', (3702, '2019-07-18'), (4058, '2019-07-18'))
SRE Utilities : value-changes=18 avail-only=0 ruleA-hits=23 ruleB-hits=0
    val ('2018-03-31', (11072, '2018-05-07'), (11138, '2018-05-07'))
    val ('2018-06-30', (10895, '2018-08-06'), (11169, '2018-08-06'))
    val ('2018-09-30', (11208, '2018-11-07'), (11482, '2018-11-07'))
    val ('2018-12-31', (11027, '2019-02-26'), (11739, '2019-02-26'))
    val ('2019-03-31', (11174, '2019-05-07'), (11820, '2019-05-07'))
    val ('2019-06-30', (10898, '2019-08-02'), (11486, '2019-08-02'))
STLD Materials : value-changes=3 avail-only=0 ruleA-hits=6 ruleB-hits=0
    val ('2022-03-31', (20250, '2022-04-29'), (20409, '2022-04-29'))
    val ('2022-06-30', (21761, '2022-08-02'), (22168, '2022-08-02'))
    val ('2022-09-30', (22118, '2022-10-26'), (22739, '2022-10-26'))
TRGP Energy : value-changes=10 avail-only=0 ruleA-hits=15 ruleB-hits=0
    val ('2020-03-31', (7992, '2020-05-07'), (8421, '2020-05-07'))
    val ('2020-06-30', (7208, '2020-08-06'), (7949, '2020-08-06'))
    val ('2020-09-30', (7038, '2020-11-05'), (8161, '2020-11-05'))
    val ('2020-12-31', (6874, '2021-02-18'), (8260, '2021-02-18'))
    val ('2021-03-31', (8757, '2021-05-06'), (9844, '2021-05-06'))
    val ('2021-06-30', (10746, '2021-08-05'), (11736, '2021-08-05'))
UDR Real Estate : value-changes=16 avail-only=0 ruleA-hits=31 ruleB-hits=0
    val ('2018-12-31', (12, '2019-02-19'), (1047, '2019-02-19'))
    val ('2019-03-31', (-239, '2019-05-01'), (1064, '2019-05-01'))
    val ('2019-06-30', (-496, '2019-07-31'), (1086, '2019-07-31'))
    val ('2019-09-30', (-755, '2019-10-30'), (1115, '2019-10-30'))
    val ('2019-12-31', (14, '2020-02-18'), (1152, '2020-02-18'))
    val ('2020-03-31', (13, '2020-05-07'), (1203, '2020-05-07'))
    TTM new: [('2017-12-31', (984, '2018-10-30')), ('2018-03-31', (994, '2018-10-30')), ('2018-06-30', (1006, '2018-10-30')), ('2018-09-30', (1021, '2018-10-30')), ('2018-12-31', (1047, '2019-02-19'))]
    TTM base: [('2017-12-31', (984, '2018-10-30')), ('2018-03-31', (994, '2018-10-30')), ('2018-06-30', (1006, '2018-10-30')), ('2018-09-30', (1021, '2018-10-30')), ('2018-12-31', (12, '2019-02-19'))]
    q new: [('2017-03-31', 244), ('2017-06-30', 248), ('2017-09-30', 251), ('2017-12-31', 241), ('2018-03-31', 253), ('2018-06-30', 260), ('2018-09-30', 266)]
UNP Industrials CARD: value-changes=13 avail-only=0 ruleA-hits=19 ruleB-hits=0
    val ('2019-06-30', (22305, '2019-07-18'), (22665, '2019-07-18'))
    val ('2019-09-30', (21523, '2019-10-17'), (22253, '2019-10-17'))
    val ('2019-12-31', (20978, '2020-02-07'), (21708, '2020-02-07'))
    val ('2020-03-31', (20474, '2020-04-23'), (21553, '2020-04-23'))
    val ('2020-06-30', (19210, '2020-07-23'), (20201, '2020-07-23'))
    val ('2020-09-30', (18660, '2020-10-22'), (19604, '2020-10-22'))
URI Industrials : value-changes=5 avail-only=0 ruleA-hits=15 ruleB-hits=0
    val ('2021-09-30', (7146, '2021-10-27'), (9219, '2021-10-27'))
    val ('2021-12-31', (7643, '2022-01-26'), (9716, '2022-01-26'))
    val ('2022-03-31', (6140, '2022-04-27'), (10183, '2022-04-27'))
    val ('2022-06-30', (4409, '2022-07-27'), (10667, '2022-07-27'))
    val ('2022-09-30', (4464, '2022-10-26'), (11122, '2022-10-26'))
VST Utilities : value-changes=11 avail-only=0 ruleA-hits=9 ruleB-hits=0
    val ('2019-03-31', (11430, '2020-02-28'), (11803, '2020-02-28'))
    val ('2019-06-30', (10982, '2020-02-28'), (11958, '2020-02-28'))
    val ('2019-09-30', (11367, '2020-02-28'), (12343, '2020-02-28'))
    val ('2019-12-31', (11665, '2020-02-28'), (12641, '2020-02-28'))
    val ('2020-03-31', (11581, '2020-05-05'), (12576, '2020-05-05'))
    val ('2020-06-30', (11812, '2020-08-05'), (12204, '2020-08-05'))
WTW Financials : value-changes=2 avail-only=0 ruleA-hits=1 ruleB-hits=0
    val ('2022-06-30', (8781, '2022-07-28'), (8838, '2022-07-28'))
    val ('2022-09-30', (8758, '2022-10-27'), (8815, '2022-10-27'))
XEL Utilities : value-changes=5 avail-only=0 ruleA-hits=6 ruleB-hits=0
    val ('2018-03-31', (11282, '2018-04-27'), (11409, '2018-04-27'))
    val ('2018-06-30', (11182, '2018-07-27'), (11422, '2018-07-27'))
    val ('2018-09-30', (11213, '2018-10-26'), (11453, '2018-10-26'))
    val ('2018-12-31', (11297, '2019-02-22'), (11537, '2019-02-22'))
    val ('2019-03-31', (11614, '2019-04-26'), (11727, '2019-04-26'))
XOM Energy CARD: value-changes=11 avail-only=0 ruleA-hits=12 ruleB-hits=0
    val ('2019-09-30', (260812, '2019-11-06'), (262439, '2019-11-06'))
    val ('2019-12-31', (255583, '2020-02-26'), (261359, '2020-02-26'))
    val ('2020-03-31', (249071, '2020-05-06'), (254847, '2020-05-06'))
    val ('2020-06-30', (213857, '2020-08-05'), (219633, '2020-08-05'))
    val ('2020-09-30', (195860, '2020-11-04'), (200009, '2020-11-04'))
    val ('2021-03-31', (180992, '2021-05-05'), (182587, '2021-05-05'))
XYZ Financials : value-changes=7 avail-only=0 ruleA-hits=6 ruleB-hits=0
    val ('2018-03-31', (2401, '2018-05-02'), (2421, '2018-05-02'))
    val ('2018-06-30', (2642, '2018-08-01'), (2685, '2018-08-01'))
    val ('2018-09-30', (2915, '2018-11-07'), (2982, '2018-11-07'))
    val ('2018-12-31', (3206, '2019-02-27'), (3298, '2019-02-27'))
    val ('2019-03-31', (3516, '2019-05-01'), (3589, '2019-05-01'))
    val ('2019-06-30', (3898, '2019-08-01'), (3948, '2019-08-01'))
