ARES v1 vs v2 differ at [('2020-03-31', (1426, '2020-05-08'), (1010, '2020-05-08')), ('2020-06-30', (1742, '2020-08-07'), (1326, '2020-08-07')), ('2020-09-30', (1959, '2020-11-06'), (1543, '2020-11-06')), ('2020-12-31', (2102, '2021-02-25'), (1764, '2021-02-25')), ('2021-03-31', (2331, '2021-05-06'), (2409, '2021-05-06')), ('2021-06-30', (3023, '2021-08-09'), (3101, '2021-08-09'))]
CVX v1 vs v2 differ at [('2020-03-31', (142817, '2020-05-06'), (141021, '2020-05-06')), ('2020-06-30', (119893, '2020-08-05'), (118097, '2020-08-05')), ('2020-09-30', (107774, '2020-11-05'), (105978, '2020-11-05')), ('2020-12-31', (96267, '2021-02-25'), (94471, '2021-02-25'))]
ED v1 vs v2 differ at [('2018-03-31', (12138, '2018-05-03'), (12169, '2018-05-03')), ('2018-06-30', (12201, '2018-08-02'), (12232, '2018-08-02')), ('2018-09-30', (12288, '2018-11-01'), (12319, '2018-11-01')), ('2018-12-31', (12276, '2019-02-21'), (12307, '2019-02-21')), ('2020-03-31', (12266, '2020-05-07'), (12189, '2020-05-07')), ('2020-06-30', (12241, '2020-08-06'), (12164, '2020-08-06'))]
EQT v1 vs v2 differ at [('2018-03-31', (3815, '2019-02-14'), (3732, '2019-02-14')), ('2018-06-30', (4231, '2019-02-14'), (4148, '2019-02-14')), ('2018-09-30', (4730, '2019-02-14'), (4647, '2019-02-14')), ('2018-12-31', (4942, '2019-02-14'), (4859, '2019-02-14')), ('2019-03-31', (4780, '2019-04-25'), (4652, '2019-04-25')), ('2019-06-30', (4985, '2019-07-25'), (4857, '2019-07-25'))]
FCX v1 vs v2 differ at [('2019-03-31', (17714, '2019-05-07'), (17594, '2019-05-07')), ('2019-06-30', (16157, '2019-08-06'), (16037, '2019-08-06')), ('2019-09-30', (14335, '2019-11-06'), (14215, '2019-11-06')), ('2019-12-31', (14562, '2020-02-14'), (14442, '2020-02-14')), ('2020-03-31', (13799, '2020-05-07'), (13568, '2020-05-07')), ('2020-06-30', (13198, '2020-08-07'), (12967, '2020-08-07'))]
FE v1 vs v2 differ at [('2018-03-31', (13357, '2018-04-23'), (13441, '2018-04-23')), ('2018-06-30', (12677, '2018-07-31'), (12761, '2018-07-31')), ('2018-09-30', (12027, '2018-10-25'), (12111, '2018-10-25')), ('2018-12-31', (11295, '2019-02-19'), (11379, '2019-02-19')), ('2020-03-31', (10824, '2020-04-23'), (10744, '2020-04-23')), ('2020-06-30', (10801, '2020-08-17'), (10721, '2020-08-17'))]
GD v1 vs v2 differ at [('2017-12-31', (24746, '2018-02-12'), (30973, '2018-02-12')), ('2018-04-01', (24840, '2018-04-25'), (31067, '2018-04-25')), ('2018-07-01', (26351, '2018-07-25'), (32578, '2018-07-25')), ('2018-09-30', (27865, '2018-10-24'), (34092, '2018-10-24'))]
  GD q v1: [('2017-04-02', 7441), ('2017-07-02', 7675), ('2017-10-01', 7580), ('2017-12-31', 2050), ('2018-04-01', 7535), ('2018-07-01', 9186), ('2018-09-30', 9094)]
  GD q v2: [('2017-04-02', 7441), ('2017-07-02', 7675), ('2017-10-01', 7580), ('2017-12-31', 8277), ('2018-04-01', 7535), ('2018-07-01', 9186), ('2018-09-30', 9094)]
  GD ttm v2: [('2017-07-02', (31080, '2017-07-26')), ('2017-10-01', (30929, '2017-10-25')), ('2017-12-31', (30973, '2018-02-12')), ('2018-04-01', (31067, '2018-04-25')), ('2018-07-01', (32578, '2018-07-25')), ('2018-09-30', (34092, '2018-10-24')), ('2018-12-31', (36193, '2019-02-13'))]
KKR v1 vs v2 differ at [('2020-03-31', (3414, '2020-05-11'), (2032, '2020-05-11')), ('2020-06-30', (3566, '2020-08-07'), (2184, '2020-08-07')), ('2020-09-30', (4671, '2020-11-06'), (3289, '2020-11-06')), ('2020-12-31', (5613, '2021-02-19'), (4231, '2021-02-19'))]
KMI v1 vs v2 differ at [('2021-03-31', (14089, '2021-04-23'), (13805, '2021-04-23')), ('2021-06-30', (14679, '2021-07-23'), (14395, '2021-07-23')), ('2021-09-30', (15584, '2021-10-22'), (15300, '2021-10-22')), ('2021-12-31', (17063, '2022-02-07'), (16610, '2022-02-07')), ('2022-03-31', (15861, '2022-04-22'), (15692, '2022-04-22')), ('2022-06-30', (17862, '2022-07-22'), (17693, '2022-07-22'))]
NI v1 vs v2 differ at [('2018-03-31', (4993, '2018-05-02'), (5027, '2018-05-02')), ('2018-06-30', (5010, '2018-08-01'), (5043, '2018-08-01')), ('2018-09-30', (4988, '2018-11-01'), (5021, '2018-11-01')), ('2018-12-31', (4958, '2019-02-20'), (4991, '2019-02-20')), ('2019-03-31', (5075, '2019-05-01'), (5110, '2019-05-01')), ('2019-06-30', (5078, '2019-07-31'), (5114, '2019-07-31'))]
NRG v1 vs v2 differ at [('2021-03-31', (15165, '2021-05-06'), (15003, '2021-05-06')), ('2021-06-30', (18163, '2021-08-05'), (18001, '2021-08-05')), ('2021-09-30', (21844, '2021-11-04'), (21682, '2021-11-04')), ('2021-12-31', (26907, '2022-02-24'), (26745, '2022-02-24'))]
OXY v1 vs v2 differ at [('2018-12-31', (17755, '2019-02-21'), (19004, '2019-02-21')), ('2019-03-31', (18065, '2019-05-06'), (18745, '2019-05-06')), ('2019-06-30', (18402, '2019-07-31'), (19082, '2019-07-31')), ('2019-09-30', (18873, '2019-11-04'), (19553, '2019-11-04')), ('2019-12-31', (20393, '2020-02-28'), (21538, '2020-02-28')), ('2020-03-31', (22799, '2020-05-06'), (24513, '2020-05-06'))]
PPL v1 vs v2 differ at [('2022-03-31', (6070, '2022-05-05'), (6104, '2022-05-05')), ('2022-06-30', (6464, '2022-08-03'), (6498, '2022-08-03'))]
SRE v1 vs v2 differ at [('2019-03-31', (11820, '2019-05-07'), (11675, '2019-05-07')), ('2019-06-30', (11486, '2019-08-02'), (11341, '2019-08-02')), ('2019-09-30', (11252, '2019-11-01'), (11107, '2019-11-01')), ('2019-12-31', (10974, '2020-02-27'), (10829, '2020-02-27')), ('2020-03-31', (10938, '2020-05-04'), (10960, '2020-05-04')), ('2020-06-30', (11234, '2020-08-05'), (11256, '2020-08-05'))]
TRGP v1 vs v2 differ at [('2019-03-31', (10328, '2019-05-08'), (9993, '2019-05-08')), ('2019-06-30', (9879, '2019-08-09'), (9544, '2019-08-09')), ('2019-09-30', (8795, '2019-11-07'), (8460, '2019-11-07')), ('2019-12-31', (8671, '2020-02-20'), (8336, '2020-02-20')), ('2022-03-31', (18206, '2022-05-05'), (18276, '2022-05-05')), ('2022-06-30', (20846, '2022-08-04'), (20916, '2022-08-04'))]
UNP v1 vs v2 differ at [('2020-03-31', (21553, '2020-04-23'), (21204, '2020-04-23')), ('2020-06-30', (20201, '2020-07-23'), (19852, '2020-07-23')), ('2020-09-30', (19604, '2020-10-22'), (19255, '2020-10-22')), ('2020-12-31', (19533, '2021-02-05'), (19184, '2021-02-05'))]
XEL v1 vs v2 differ at [('2018-03-31', (11409, '2018-04-27'), (11282, '2018-04-27')), ('2018-06-30', (11422, '2018-07-27'), (11295, '2018-07-27')), ('2018-09-30', (11453, '2018-10-26'), (11326, '2018-10-26')), ('2018-12-31', (11537, '2019-02-22'), (11410, '2019-02-22'))]

# ticker, sector, card, n_changed_v1, range_v1, n_changed_v2, range_v2, n_v1≠v2, first few
('AMP', 'Financials', '', 6, ('2018-03-31', '2019-09-30'), 6, ('2018-03-31', '2019-09-30'), 0, [])
('AMT', 'Real Estate', '', 13, ('2019-09-30', '2022-09-30'), 13, ('2019-09-30', '2022-09-30'), 0, [])
('ARES', 'Financials', '', 7, ('2020-03-31', '2021-09-30'), 0, None, 7, ['2020-03-31', '2020-06-30', '2020-09-30', '2020-12-31'])
('AVB', 'Real Estate', '', 14, ('2019-03-31', '2022-06-30'), 14, ('2019-03-31', '2022-06-30'), 0, [])
('BRK.B', 'Financials', '', 16, ('2018-09-30', '2022-06-30'), 16, ('2018-09-30', '2022-06-30'), 0, [])
('CBRE', 'Real Estate', '', 18, ('2018-06-30', '2022-09-30'), 18, ('2018-06-30', '2022-09-30'), 0, [])
('CCI', 'Real Estate', '', 16, ('2018-09-30', '2022-06-30'), 16, ('2018-09-30', '2022-06-30'), 0, [])
('CFG', 'Financials', '', 13, ('2019-06-30', '2022-06-30'), 13, ('2019-06-30', '2022-06-30'), 0, [])
('CMS', 'Utilities', '', 19, ('2018-03-31', '2022-09-30'), 19, ('2018-03-31', '2022-09-30'), 0, [])
('CNC', 'Health Care', '', 18, ('2018-06-30', '2022-09-30'), 18, ('2018-06-30', '2022-09-30'), 0, [])
('CNP', 'Utilities', '', 10, ('2018-03-31', '2020-06-30'), 10, ('2018-03-31', '2020-06-30'), 0, [])
('COF', 'Financials', 'CARD', 18, ('2018-03-31', '2022-06-30'), 18, ('2018-03-31', '2022-06-30'), 0, [])
('CVX', 'Energy', 'CARD', 17, ('2018-06-30', '2022-06-30'), 16, ('2018-06-30', '2022-06-30'), 4, ['2020-03-31', '2020-06-30', '2020-09-30', '2020-12-31'])
('D', 'Utilities', '', 6, ('2020-03-31', '2021-06-30'), 6, ('2020-03-31', '2021-06-30'), 0, [])
('DHR', 'Health Care', 'CARD', 4, ('2018-12-31', '2019-09-27'), 4, ('2018-12-31', '2019-09-27'), 0, [])
('DOC', 'Real Estate', '', 14, ('2019-03-31', '2022-06-30'), 14, ('2019-03-31', '2022-06-30'), 0, [])
('DVN', 'Energy', '', 11, ('2019-03-31', '2021-09-30'), 11, ('2019-03-31', '2021-09-30'), 0, [])
('ECHO', 'Communication Services', '', 6, ('2018-03-31', '2019-06-30'), 6, ('2018-03-31', '2019-06-30'), 0, [])
('ED', 'Utilities', '', 17, ('2018-06-30', '2022-06-30'), 13, ('2018-03-31', '2021-03-31'), 14, ['2018-03-31', '2018-06-30', '2018-09-30', '2018-12-31'])
('EQT', 'Energy', '', 14, ('2018-03-31', '2021-09-30'), 11, ('2019-03-31', '2021-09-30'), 12, ['2018-03-31', '2018-06-30', '2018-09-30', '2018-12-31'])
('ESS', 'Real Estate', '', 11, ('2020-03-31', '2022-09-30'), 11, ('2020-03-31', '2022-09-30'), 0, [])
('EVRG', 'Utilities', '', 14, ('2019-03-31', '2022-06-30'), 14, ('2019-03-31', '2022-06-30'), 0, [])
('EXE', 'Energy', '', 4, ('2018-03-31', '2018-12-31'), 4, ('2018-03-31', '2018-12-31'), 0, [])
('EXR', 'Real Estate', '', 14, ('2019-03-31', '2022-06-30'), 14, ('2019-03-31', '2022-06-30'), 0, [])
('FANG', 'Energy', '', 6, ('2020-06-30', '2021-09-30'), 6, ('2020-06-30', '2021-09-30'), 0, [])
('FCX', 'Materials', '', 13, ('2019-03-31', '2022-06-30'), 9, ('2020-03-31', '2022-03-31'), 14, ['2019-03-31', '2019-06-30', '2019-09-30', '2019-12-31'])
('FE', 'Utilities', '', 10, ('2018-09-30', '2020-12-31'), 9, ('2018-03-31', '2020-03-31'), 8, ['2018-03-31', '2018-06-30', '2018-09-30', '2018-12-31'])
('GD', 'Industrials', '', 4, ('2017-12-31', '2018-09-30'), 4, ('2017-12-31', '2018-09-30'), 4, ['2017-12-31', '2018-04-01', '2018-07-01', '2018-09-30'])
('GM', 'Consumer Discretionary', '', 11, ('2020-03-31', '2022-09-30'), 11, ('2020-03-31', '2022-09-30'), 0, [])
('HIG', 'Financials', '', 15, ('2019-03-31', '2022-09-30'), 15, ('2019-03-31', '2022-09-30'), 0, [])
('HOOD', 'Financials', '', 5, ('2021-03-31', '2022-03-31'), 5, ('2021-03-31', '2022-03-31'), 0, [])
('IBKR', 'Financials', '', 11, ('2018-03-31', '2020-09-30'), 11, ('2018-03-31', '2020-09-30'), 0, [])
('ICE', 'Financials', '', 4, ('2017-12-31', '2018-09-30'), 4, ('2017-12-31', '2018-09-30'), 0, [])
('INVH', 'Real Estate', '', 7, ('2017-12-31', '2019-06-30'), 7, ('2017-12-31', '2019-06-30'), 0, [])
('IRM', 'Real Estate', '', 9, ('2020-06-30', '2022-06-30'), 9, ('2020-06-30', '2022-06-30'), 0, [])
('KEY', 'Financials', '', 18, ('2018-03-31', '2022-06-30'), 18, ('2018-03-31', '2022-06-30'), 0, [])
('KKR', 'Financials', '', 16, ('2017-12-31', '2021-09-30'), 16, ('2017-12-31', '2021-09-30'), 4, ['2020-03-31', '2020-06-30', '2020-09-30', '2020-12-31'])
('KMI', 'Energy', '', 18, ('2018-06-30', '2022-09-30'), 18, ('2018-06-30', '2022-09-30'), 7, ['2021-03-31', '2021-06-30', '2021-09-30', '2021-12-31'])
('L', 'Financials', '', 19, ('2018-03-31', '2022-09-30'), 19, ('2018-03-31', '2022-09-30'), 0, [])
('LDOS', 'Industrials', '', 4, ('2019-09-27', '2020-07-03'), 4, ('2019-09-27', '2020-07-03'), 0, [])
('LYB', 'Materials', '', 17, ('2018-09-30', '2022-09-30'), 17, ('2018-09-30', '2022-09-30'), 0, [])
('MET', 'Financials', '', 14, ('2019-03-31', '2022-06-30'), 14, ('2019-03-31', '2022-06-30'), 0, [])
('NI', 'Utilities', '', 15, ('2018-06-30', '2022-06-30'), 14, ('2018-03-31', '2022-06-30'), 8, ['2018-03-31', '2018-06-30', '2018-09-30', '2018-12-31'])
('NRG', 'Utilities', '', 16, ('2018-03-31', '2021-12-31'), 15, ('2018-03-31', '2021-09-30'), 4, ['2021-03-31', '2021-06-30', '2021-09-30', '2021-12-31'])
('NTRS', 'Financials', '', 12, ('2019-12-31', '2022-09-30'), 12, ('2019-12-31', '2022-09-30'), 0, [])
('ORCL', 'Information Technology', 'CARD', 4, ('2018-05-31', '2019-02-28'), 4, ('2018-05-31', '2019-02-28'), 0, [])
('OXY', 'Energy', '', 16, ('2018-06-30', '2022-06-30'), 16, ('2018-06-30', '2022-06-30'), 14, ['2018-12-31', '2019-03-31', '2019-06-30', '2019-09-30'])
('PAYX', 'Industrials', '', 10, ('2018-11-30', '2021-02-28'), 10, ('2018-11-30', '2021-02-28'), 0, [])
('PODD', 'Health Care', '', 2, ('2022-03-31', '2022-06-30'), 2, ('2022-03-31', '2022-06-30'), 0, [])
('PPL', 'Utilities', '', 1, ('2022-06-30', '2022-06-30'), 2, ('2022-03-31', '2022-06-30'), 2, ['2022-03-31', '2022-06-30'])
('PRU', 'Financials', '', 5, ('2018-06-30', '2019-06-30'), 5, ('2018-06-30', '2019-06-30'), 0, [])
('RSG', 'Industrials', '', 19, ('2018-03-31', '2022-09-30'), 19, ('2018-03-31', '2022-09-30'), 0, [])
('SBAC', 'Real Estate', '', 14, ('2019-03-31', '2022-06-30'), 14, ('2019-03-31', '2022-06-30'), 0, [])
('SNA', 'Industrials', '', 19, ('2018-03-31', '2022-10-01'), 19, ('2018-03-31', '2022-10-01'), 0, [])
('SRE', 'Utilities', '', 18, ('2018-03-31', '2022-06-30'), 18, ('2018-03-31', '2022-06-30'), 8, ['2019-03-31', '2019-06-30', '2019-09-30', '2019-12-31'])
('STLD', 'Materials', '', 3, ('2022-03-31', '2022-09-30'), 3, ('2022-03-31', '2022-09-30'), 0, [])
('TRGP', 'Energy', '', 10, ('2020-03-31', '2022-06-30'), 14, ('2019-03-31', '2022-06-30'), 6, ['2019-03-31', '2019-06-30', '2019-09-30', '2019-12-31'])
('UDR', 'Real Estate', '', 16, ('2018-12-31', '2022-09-30'), 16, ('2018-12-31', '2022-09-30'), 0, [])
('UNP', 'Industrials', 'CARD', 13, ('2019-06-30', '2022-09-30'), 13, ('2019-06-30', '2022-09-30'), 4, ['2020-03-31', '2020-06-30', '2020-09-30', '2020-12-31'])
('URI', 'Industrials', '', 5, ('2021-09-30', '2022-09-30'), 5, ('2021-09-30', '2022-09-30'), 0, [])
('VST', 'Utilities', '', 11, ('2019-03-31', '2021-09-30'), 11, ('2019-03-31', '2021-09-30'), 0, [])
('WTW', 'Financials', '', 2, ('2022-06-30', '2022-09-30'), 2, ('2022-06-30', '2022-09-30'), 0, [])
('XEL', 'Utilities', '', 5, ('2018-03-31', '2019-03-31'), 4, ('2018-06-30', '2019-03-31'), 4, ['2018-03-31', '2018-06-30', '2018-09-30', '2018-12-31'])
('XOM', 'Energy', 'CARD', 11, ('2019-09-30', '2022-06-30'), 11, ('2019-09-30', '2022-06-30'), 0, [])
('XYZ', 'Financials', '', 7, ('2018-03-31', '2019-09-30'), 7, ('2018-03-31', '2019-09-30'), 0, [])
