# rows where (b) or (a) acts (WA<1e7, or cover/WA outside 0.5~2): 144
# FLAGGED (tie / missing / WA<1e7 ends up used / final < 1e7): 63
    ('CEG', '', '2021-03-31', 0, None, 1000000.0, 'missing', None, None, 'nocover')
    ('CEG', '', '2021-06-30', 0, None, 1000000.0, 'missing', None, None, 'nocover')
    ('CEG', '', '2021-09-30', 0, None, 1000000.0, 'missing', None, None, 'nocover')
    ('ECHO', '', '2024-03-31', 271519, None, 1000000.0, 'missing', None, None, 'nocover')
    ('ECHO', '', '2024-06-30', 271592, None, 1000000.0, 'missing', None, None, 'nocover')
    ('ECHO', '', '2024-09-30', 271736, None, 1000000.0, 'missing', None, None, 'nocover')
    ('ECHO', '', '2025-03-31', 286513, None, 1000000.0, 'missing', None, None, 'nocover')
    ('ECHO', '', '2025-06-30', 287505, None, 1000000.0, 'missing', None, None, 'nocover')
    ('ECHO', '', '2025-09-30', 288051, None, 1000000.0, 'missing', None, None, 'nocover')
    ('EXE', '', '2020-03-31', 9753000, 9783101, 1, 'cover', 9783101, 1.003, '')
    ('EXE', '', '2020-06-30', 9779000, 9780335, 1, 'cover', 9780335, 1.0, '')
    ('EXE', '', '2020-09-30', 9780000, 9780371, 1, 'cover', 9780371, 1.0, '')
    ('ICE', '', '2016-03-31', 0, 119045641, 1, 'cover', 119045641, None, 'TIE')
    ('ICE', '', '2016-06-30', 0, 119133837, 1, 'cover', 119133837, None, 'TIE')
    ('KDP', '', '2016-12-24', 8200000, 183094247, 1, 'WA', 8200000, 22.329, '')
    ('KDP', '', '2017-12-31', 8200000, 179744078, 1, 'WA', 8200000, 21.92, '')
    ('NVR', '', '2016-03-31', 4135000, 3896889, 1, 'cover', 3896889, 0.942, '')
    ('NVR', '', '2016-06-30', 4165000, 3895960, 1, 'cover', 3895960, 0.935, '')
    ('NVR', '', '2016-09-30', 4125000, 3790395, 1, 'cover', 3790395, 0.919, '')
    ('NVR', '', '2017-03-31', 4097000, 3747778, 1, 'cover', 3747778, 0.915, '')
    ('NVR', '', '2017-06-30', 4202000, 3743620, 1, 'cover', 3743620, 0.891, '')
    ('NVR', '', '2017-09-30', 4263000, 3739858, 1, 'cover', 3739858, 0.877, '')
    ('NVR', '', '2018-03-31', 4220000, 3622605, 1, 'cover', 3622605, 0.858, '')
    ('NVR', '', '2018-06-30', 4142000, 3627049, 1, 'cover', 3627049, 0.876, '')
    ('NVR', '', '2018-09-30', 4056000, 3614947, 1, 'cover', 3614947, 0.891, '')
    ('NVR', '', '2019-03-31', 3955000, 3590137, 1, 'cover', 3590137, 0.908, '')
    ('NVR', '', '2019-06-30', 3959000, 3655268, 1, 'cover', 3655268, 0.923, '')
    ('NVR', '', '2019-09-30', 3988000, 3694905, 1, 'cover', 3694905, 0.927, '')
    ('NVR', '', '2020-03-31', 3908000, 3680823, 1, 'cover', 3680823, 0.942, '')
    ('NVR', '', '2020-06-30', 3861000, 3702385, 1, 'cover', 3702385, 0.959, '')
    ('NVR', '', '2020-09-30', 3939000, 3720432, 1, 'cover', 3720432, 0.945, '')
    ('NVR', '', '2021-03-31', 3935000, 3636606, 1, 'cover', 3636606, 0.924, '')
    ('NVR', '', '2021-06-30', 3897000, 3563782, 1, 'cover', 3563782, 0.914, '')
    ('NVR', '', '2021-09-30', 3842000, 3482747, 1, 'cover', 3482747, 0.906, '')
    ('NVR', '', '2022-03-31', 3655517, 3289666, 1, 'cover', 3289666, 0.9, '')
    ('NVR', '', '2022-06-30', 3504304, 3282665, 1, 'cover', 3282665, 0.937, '')
    ('NVR', '', '2022-09-30', 3471387, 3195887, 1, 'cover', 3195887, 0.921, '')
    ('NVR', '', '2023-03-31', 3447474, None, 1, 'missing', None, None, 'nocover')
    ('NVR', '', '2023-06-30', 3466936, 3264331, 1, 'cover', 3264331, 0.942, '')
    ('NVR', '', '2023-09-30', 3458142, 3179030, 1, 'cover', 3179030, 0.919, '')
    ('NVR', '', '2024-03-31', 3386946, 3132373, 1, 'cover', 3132373, 0.925, '')
    ('NVR', '', '2024-06-30', 3321654, 3077593, 1, 'cover', 3077593, 0.927, '')
    ('NVR', '', '2024-09-30', 3289924, 3063876, 1, 'cover', 3063876, 0.931, '')
    ('NVR', '', '2025-03-31', 3159009, 2923831, 1, 'cover', 2923831, 0.926, '')
    ('NVR', '', '2025-06-30', 3074869, 2869801, 1, 'cover', 2869801, 0.933, '')
    ('NVR', '', '2025-09-30', 3050720, 2839432, 1, 'cover', 2839432, 0.931, '')
    ('NVR', '', '2026-03-31', 2927581, 2699292, 1, 'cover', 2699292, 0.922, '')
    ('NVR', '', '2026-06-30', 2816295, 2664860, 1, 'cover', 2664860, 0.946, '')
    ('PSKY', '', '2025-03-31', 1000, 1000, 1, 'cover', 1000, 1.0, '')
    ('PSKY', '', '2025-06-30', 1000, 1000, 1, 'cover', 1000, 1.0, '')
    ('SW', '', '2024-06-30', 4803, 519358323, 1000000.0, 'WA', 4803000000.0, 0.108, '')
    ('TPL', '', '2020-03-31', 7756156, None, 1, 'missing', None, None, 'nocover')
    ('TPL', '', '2020-06-30', 7756156, None, 1, 'missing', None, None, 'nocover')
    ('TPL', '', '2020-09-30', 7756156, None, 1, 'missing', None, None, 'nocover')
    ('TPL', '', '2021-03-31', 7756156, 7756156, 1, 'cover', 7756156, 1.0, '')
    ('TPL', '', '2021-06-30', 7755886, 7752464, 1, 'cover', 7752464, 1.0, '')
    ('TPL', '', '2021-09-30', 7751329, 7746141, 1, 'cover', 7746141, 0.999, '')
    ('TPL', '', '2022-03-31', 7742710, 7741720, 1, 'cover', 7741720, 1.0, '')
    ('TPL', '', '2022-06-30', 7737112, 7722371, 1, 'cover', 7722371, 0.998, '')
    ('TPL', '', '2022-09-30', 7720221, 7704496, 1, 'cover', 7704496, 0.998, '')
    ('TPL', '', '2023-03-31', 7698398, 7692178, 1, 'cover', 7692178, 0.999, '')
    ('TPL', '', '2023-06-30', 7690950, 7677756, 1, 'cover', 7677756, 0.998, '')
    ('TPL', '', '2023-09-30', 7681774, 7674867, 1, 'cover', 7674867, 0.999, '')

# all acting rows:
    ('AMCR', '', '2018-12-31', 1156600000, 13001, 1, 'WA', 1156600000, 0.0, '')
    ('AMCR', '', '2019-03-31', 1157700000, 13001, 1, 'WA', 1157700000, 0.0, '')
    ('AXP', 'CARD', '2019-03-31', 843, 835080540, 1000000.0, 'cover', 835080540, 0.991, '')
    ('BX', 'CARD', '2016-03-31', 1194570331, 565579839, 1, 'WA', 1194570331, 0.473, '')
    ('BX', 'CARD', '2016-06-30', 1194478212, 568971353, 1, 'WA', 1194478212, 0.476, '')
    ('BX', 'CARD', '2016-09-30', 1195805315, 571989912, 1, 'WA', 1195805315, 0.478, '')
    ('CCL', '', '2022-08-31', 1185000, 1112706805, 1000.0, 'cover', 1112706805, 0.939, '')
    ('CEG', '', '2021-03-31', 0, None, 1000000.0, 'missing', None, None, 'nocover')
    ('CEG', '', '2021-06-30', 0, None, 1000000.0, 'missing', None, None, 'nocover')
    ('CEG', '', '2021-09-30', 0, None, 1000000.0, 'missing', None, None, 'nocover')
    ('CHD', '', '2022-06-30', 246.4, 242909366, 1000000.0, 'cover', 242909366, 0.986, '')
    ('CHD', '', '2022-09-30', 246, 243868347, 1000000.0, 'cover', 243868347, 0.991, '')
    ('CMG', '', '2022-03-31', 28301000, 27962, 1, 'WA', 28301000, 0.001, '')
    ('COHR', '', '2020-03-31', 93435, 91252259, 1000.0, 'cover', 91252259, 0.977, '')
    ('COP', 'CARD', '2016-03-31', 1244557, 1238387216, 1000.0, 'cover', 1238387216, 0.995, '')
    ('COP', 'CARD', '2016-06-30', 1244892, 1238505159, 1000.0, 'cover', 1238505159, 0.995, '')
    ('COP', 'CARD', '2016-09-30', 1245961, 1239027409, 1000.0, 'cover', 1239027409, 0.994, '')
    ('COP', 'CARD', '2017-03-31', 1248722, 1237103953, 1000.0, 'cover', 1237103953, 0.991, '')
    ('COP', 'CARD', '2018-03-31', 1186454, 1170066208, 1000.0, 'cover', 1170066208, 0.986, '')
    ('COP', 'CARD', '2018-06-30', 1181167, 1162095308, 1000.0, 'cover', 1162095308, 0.984, '')
    ('COP', 'CARD', '2018-09-30', 1172694, 1151241888, 1000.0, 'cover', 1151241888, 0.982, '')
    ('COP', 'CARD', '2019-03-31', 1146515, 1130175935, 1000.0, 'cover', 1130175935, 0.986, '')
    ('COP', 'CARD', '2019-06-30', 1131242, 1110141595, 1000.0, 'cover', 1110141595, 0.981, '')
    ('COP', 'CARD', '2019-09-30', 1113250, 1097268667, 1000.0, 'cover', 1097268667, 0.986, '')
    ('COP', 'CARD', '2020-03-31', 1084561, 1072425162, 1000.0, 'cover', 1072425162, 0.989, '')
    ('COP', 'CARD', '2021-03-31', 1302691, 1349418454, 1000.0, 'cover', 1349418454, 1.036, '')
    ('CTVA', '', '2019-03-31', 749400000, 100, 1, 'WA', 749400000, 0.0, '')
    ('DLR', '', '2022-03-31', 285025, 284672362, 1000.0, 'cover', 284672362, 0.999, '')
    ('DLR', '', '2023-03-31', 303065, 291347088, 1000.0, 'cover', 291347088, 0.961, '')
    ('ECHO', '', '2024-03-31', 271519, None, 1000000.0, 'missing', None, None, 'nocover')
    ('ECHO', '', '2024-06-30', 271592, None, 1000000.0, 'missing', None, None, 'nocover')
    ('ECHO', '', '2024-09-30', 271736, None, 1000000.0, 'missing', None, None, 'nocover')
    ('ECHO', '', '2025-03-31', 286513, None, 1000000.0, 'missing', None, None, 'nocover')
    ('ECHO', '', '2025-06-30', 287505, None, 1000000.0, 'missing', None, None, 'nocover')
    ('ECHO', '', '2025-09-30', 288051, None, 1000000.0, 'missing', None, None, 'nocover')
    ('EXE', '', '2020-03-31', 9753000, 9783101, 1, 'cover', 9783101, 1.003, '')
    ('EXE', '', '2020-06-30', 9779000, 9780335, 1, 'cover', 9780335, 1.0, '')
    ('EXE', '', '2020-09-30', 9780000, 9780371, 1, 'cover', 9780371, 1.0, '')
    ('FDS', '', '2019-08-31', 39056, 37944709, 1000.0, 'cover', 37944709, 0.972, '')
    ('FOX', '', '2018-12-31', 621000000, 1, 1, 'WA', 621000000, 0.0, '')
    ('FOXA', '', '2018-12-31', 621000000, 1, 1, 'WA', 621000000, 0.0, '')
    ('GRMN', '', '2016-03-26', 189651000, 208077418000, 1, 'WA', 189651000, 1097.16, '')
    ('GRMN', '', '2016-06-25', 189356000, 208077418000, 1, 'WA', 189356000, 1098.869, '')
    ('GRMN', '', '2016-09-24', 189238000, 198077418000, 1, 'WA', 189238000, 1046.711, '')
    ('GRMN', '', '2017-04-01', 189031, 198077418, 1000.0, 'cover', 198077418, 1.048, '')
    ('GRMN', '', '2017-07-01', 188492, 198077418, 1000.0, 'cover', 198077418, 1.051, '')
    ('GRMN', '', '2017-09-30', 188490, 198077418, 1000.0, 'cover', 198077418, 1.051, '')
    ('GRMN', '', '2018-06-30', 189461000, 198077418000, 1, 'WA', 189461000, 1045.479, '')
    ('GRMN', '', '2018-09-29', 190005000, 198077418000, 1, 'WA', 190005000, 1042.485, '')
    ('GRMN', '', '2019-03-30', 190599, 198077418, 1000.0, 'cover', 198077418, 1.039, '')
    ('ICE', '', '2016-03-31', 0, 119045641, 1, 'cover', 119045641, None, 'TIE')
    ('ICE', '', '2016-06-30', 0, 119133837, 1, 'cover', 119133837, None, 'TIE')
    ('INCY', '', '2016-03-31', 192625, 187619384, 1000.0, 'cover', 187619384, 0.974, '')
    ('INCY', '', '2016-06-30', 193015, 188002918, 1000.0, 'cover', 188002918, 0.974, '')
    ('IQV', '', '2016-09-30', 121156000, 246181560, 1, 'WA', 121156000, 2.032, '')
    ('KDP', '', '2016-12-24', 8200000, 183094247, 1, 'WA', 8200000, 22.329, '')
    ('KDP', '', '2017-12-31', 8200000, 179744078, 1, 'WA', 8200000, 21.92, '')
    ('KDP', '', '2018-06-30', 181100000, 1388733463, 1, 'WA', 181100000, 7.668, '')
    ('KO', 'CARD', '2018-03-30', 4306, 4255262604, 1000000.0, 'cover', 4255262604, 0.988, '')
    ('KO', 'CARD', '2018-06-29', 4290, 4252922447, 1000000.0, 'cover', 4252922447, 0.991, '')
    ('KO', 'CARD', '2018-09-28', 4295, 4256513898, 1000000.0, 'cover', 4256513898, 0.991, '')
    ('KO', 'CARD', '2019-03-29', 4306, 4266115111, 1000000.0, 'cover', 4266115111, 0.991, '')
    ('LIN', 'CARD', '2017-06-30', 288535000, 25000, 1, 'WA', 288535000, 0.0, '')
    ('LIN', 'CARD', '2017-09-30', 289216000, 25000, 1, 'WA', 289216000, 0.0, '')
    ('LIN', 'CARD', '2017-12-31', 290456000, 25000, 1, 'WA', 290456000, 0.0, '')
    ('MCD', 'CARD', '2024-03-31', 725.9, 720681656, 1000000.0, 'cover', 720681656, 0.993, '')
    ('MCD', 'CARD', '2024-06-30', 722, 717343247, 1000000.0, 'cover', 717343247, 0.994, '')
    ('MCD', 'CARD', '2024-09-30', 720, 716619686, 1000000.0, 'cover', 716619686, 0.995, '')
    ('MCD', 'CARD', '2025-03-31', 718.2, 715032727, 1000000.0, 'cover', 715032727, 0.996, '')
    ('MCD', 'CARD', '2025-06-30', 717.6, 713604434, 1000000.0, 'cover', 713604434, 0.994, '')
    ('MCD', 'CARD', '2025-09-30', 715.9, 712154350, 1000000.0, 'cover', 712154350, 0.995, '')
    ('MCD', 'CARD', '2026-03-31', 713.5, 710505859, 1000000.0, 'cover', 710505859, 0.996, '')
    ('MCD', 'CARD', '2026-06-30', 711.1, 707641531, 1000000.0, 'cover', 707641531, 0.995, '')
    ('MDLZ', '', '2016-03-31', 1587, 1552060693, 1000000.0, 'cover', 1552060693, 0.978, '')
    ('NTAP', '', '2024-01-26', 211000000, 20637666, 1, 'WA', 211000000, 0.098, '')
    ('NVR', '', '2016-03-31', 4135000, 3896889, 1, 'cover', 3896889, 0.942, '')
    ('NVR', '', '2016-06-30', 4165000, 3895960, 1, 'cover', 3895960, 0.935, '')
    ('NVR', '', '2016-09-30', 4125000, 3790395, 1, 'cover', 3790395, 0.919, '')
    ('NVR', '', '2017-03-31', 4097000, 3747778, 1, 'cover', 3747778, 0.915, '')
    ('NVR', '', '2017-06-30', 4202000, 3743620, 1, 'cover', 3743620, 0.891, '')
    ('NVR', '', '2017-09-30', 4263000, 3739858, 1, 'cover', 3739858, 0.877, '')
    ('NVR', '', '2018-03-31', 4220000, 3622605, 1, 'cover', 3622605, 0.858, '')
    ('NVR', '', '2018-06-30', 4142000, 3627049, 1, 'cover', 3627049, 0.876, '')
    ('NVR', '', '2018-09-30', 4056000, 3614947, 1, 'cover', 3614947, 0.891, '')
    ('NVR', '', '2019-03-31', 3955000, 3590137, 1, 'cover', 3590137, 0.908, '')
    ('NVR', '', '2019-06-30', 3959000, 3655268, 1, 'cover', 3655268, 0.923, '')
    ('NVR', '', '2019-09-30', 3988000, 3694905, 1, 'cover', 3694905, 0.927, '')
    ('NVR', '', '2020-03-31', 3908000, 3680823, 1, 'cover', 3680823, 0.942, '')
    ('NVR', '', '2020-06-30', 3861000, 3702385, 1, 'cover', 3702385, 0.959, '')
    ('NVR', '', '2020-09-30', 3939000, 3720432, 1, 'cover', 3720432, 0.945, '')
    ('NVR', '', '2021-03-31', 3935000, 3636606, 1, 'cover', 3636606, 0.924, '')
    ('NVR', '', '2021-06-30', 3897000, 3563782, 1, 'cover', 3563782, 0.914, '')
    ('NVR', '', '2021-09-30', 3842000, 3482747, 1, 'cover', 3482747, 0.906, '')
    ('NVR', '', '2022-03-31', 3655517, 3289666, 1, 'cover', 3289666, 0.9, '')
    ('NVR', '', '2022-06-30', 3504304, 3282665, 1, 'cover', 3282665, 0.937, '')
    ('NVR', '', '2022-09-30', 3471387, 3195887, 1, 'cover', 3195887, 0.921, '')
    ('NVR', '', '2023-03-31', 3447474, None, 1, 'missing', None, None, 'nocover')
    ('NVR', '', '2023-06-30', 3466936, 3264331, 1, 'cover', 3264331, 0.942, '')
    ('NVR', '', '2023-09-30', 3458142, 3179030, 1, 'cover', 3179030, 0.919, '')
    ('NVR', '', '2024-03-31', 3386946, 3132373, 1, 'cover', 3132373, 0.925, '')
    ('NVR', '', '2024-06-30', 3321654, 3077593, 1, 'cover', 3077593, 0.927, '')
    ('NVR', '', '2024-09-30', 3289924, 3063876, 1, 'cover', 3063876, 0.931, '')
    ('NVR', '', '2025-03-31', 3159009, 2923831, 1, 'cover', 2923831, 0.926, '')
    ('NVR', '', '2025-06-30', 3074869, 2869801, 1, 'cover', 2869801, 0.933, '')
    ('NVR', '', '2025-09-30', 3050720, 2839432, 1, 'cover', 2839432, 0.931, '')
    ('NVR', '', '2026-03-31', 2927581, 2699292, 1, 'cover', 2699292, 0.922, '')
    ('NVR', '', '2026-06-30', 2816295, 2664860, 1, 'cover', 2664860, 0.946, '')
    ('PANW', 'CARD', '2021-10-31', 292900000, 98666401, 1, 'WA', 292900000, 0.337, '')
    ('PANW', 'CARD', '2022-01-31', 294500000, 98484393, 1, 'WA', 294500000, 0.334, '')
    ('PCAR', '', '2019-03-31', 347.8, 346443375, 1000000.0, 'cover', 346443375, 0.996, '')
    ('PCAR', '', '2019-06-30', 347.7, 346369155, 1000000.0, 'cover', 346369155, 0.996, '')
    ('PCG', '', '2020-06-30', 529000000, 1941473377, 1, 'WA', 529000000, 3.67, '')
    ('PKG', '', '2023-03-31', 89400000, 89932185000, 1, 'WA', 89400000, 1005.953, '')
    ('PKG', '', '2024-03-31', 89400000, 89797979000, 1, 'WA', 89400000, 1004.452, '')
    ('PSA', '', '2016-03-31', 173850000, 173, 1, 'WA', 173850000, 0.0, '')
    ('PSKY', '', '2025-03-31', 1000, 1000, 1, 'cover', 1000, 1.0, '')
    ('PSKY', '', '2025-06-30', 1000, 1000, 1, 'cover', 1000, 1.0, '')
    ('SW', '', '2024-03-31', 260000000, 100, 1, 'WA', 260000000, 0.0, '')
    ('SW', '', '2024-06-30', 4803, 519358323, 1000000.0, 'WA', 4803000000.0, 0.108, '')
    ('TER', '', '2023-10-01', 164050, 152878728, 1000.0, 'cover', 152878728, 0.932, '')
    ('TPL', '', '2020-03-31', 7756156, None, 1, 'missing', None, None, 'nocover')
    ('TPL', '', '2020-06-30', 7756156, None, 1, 'missing', None, None, 'nocover')
    ('TPL', '', '2020-09-30', 7756156, None, 1, 'missing', None, None, 'nocover')
    ('TPL', '', '2021-03-31', 7756156, 7756156, 1, 'cover', 7756156, 1.0, '')
    ('TPL', '', '2021-06-30', 7755886, 7752464, 1, 'cover', 7752464, 1.0, '')
    ('TPL', '', '2021-09-30', 7751329, 7746141, 1, 'cover', 7746141, 0.999, '')
    ('TPL', '', '2022-03-31', 7742710, 7741720, 1, 'cover', 7741720, 1.0, '')
    ('TPL', '', '2022-06-30', 7737112, 7722371, 1, 'cover', 7722371, 0.998, '')
    ('TPL', '', '2022-09-30', 7720221, 7704496, 1, 'cover', 7704496, 0.998, '')
    ('TPL', '', '2023-03-31', 7698398, 7692178, 1, 'cover', 7692178, 0.999, '')
    ('TPL', '', '2023-06-30', 7690950, 7677756, 1, 'cover', 7677756, 0.998, '')
    ('TPL', '', '2023-09-30', 7681774, 7674867, 1, 'cover', 7674867, 0.999, '')
    ('UBER', 'CARD', '2019-03-31', 453619000, 1695552739, 1, 'WA', 453619000, 3.738, '')
    ('UDR', '', '2017-12-31', 269221, 268160029, 1000.0, 'cover', 268160029, 0.996, '')
    ('VTRS', '', '2020-03-31', 517000000, 100, 1, 'WA', 517000000, 0.0, '')
    ('VTRS', '', '2020-06-30', 517200000, 100, 1, 'WA', 517200000, 0.0, '')
    ('VTRS', '', '2020-09-30', 517700000, 100, 1, 'WA', 517700000, 0.0, '')
    ('WAT', '', '2026-04-04', 82139000000, 98185855, 1, 'WA', 82139000000, 0.001, '')
    ('WAT', '', '2026-07-04', 98204000000, 98248111, 1, 'WA', 98204000000, 0.001, '')
    ('WBD', '', '2022-03-31', 665000000, 2426844405, 1, 'WA', 665000000, 3.649, '')
    ('WFC', 'CARD', '2023-06-30', 3724900000, 1823028137, 1, 'WA', 3724900000, 0.489, '')
    ('YUM', '', '2016-09-03', 398000000, 367005511000000, 1, 'WA', 398000000, 922124.399, '')
    ('YUM', '', '2016-09-30', 395000000, 367005511000000, 1, 'WA', 395000000, 929127.876, '')
    ('ZTS', '', '2019-06-30', 482300000, 24333301, 1, 'WA', 482300000, 0.05, '')
