# non-financial tickers triggered: 46 rows: 526
# by path: Counter({'②ltd+stb': 422, '①comb': 76, '②stbinc': 28})
# cards triggered: ['ABT', 'ADI', 'APH', 'IBM', 'KLAC', 'LIN', 'NVDA', 'PH']
# DebtCurrent present (>5% LTD) but rule ② ignores it (no STB/CP): {'ADBE': 12, 'ADI': 1, 'AME': 1, 'CHRW': 3, 'FICO': 19, 'INTU': 15}
LIN Materials CARD n=12 [('2019-03-31', 0.939, 13.207, '②ltd+stb', 14.146, ''), ('2019-06-30', 1.475, 12.482, '②ltd+stb', 13.957, ''), ('2019-09-30', 1.209, 11.992, '②ltd+stb', 13.201, '')] ... ('2022-09-30', 3.179, 12.159, '②ltd+stb', 15.338, '')
KLAC Information Technology CARD n=17 [('2021-06-30', 0.02, 3.423, '①comb', 3.443, ''), ('2021-09-30', 0.02, 3.423, '①comb', 3.443, ''), ('2021-12-31', 0.02, 3.424, '①comb', 3.444, '')] ... ('2025-06-30', 0.0, 5.884, '①comb', 5.884, '')
RMD Health Care  n=30 [('2018-03-31', 0.0, 0.81, '①comb', 0.81, ''), ('2018-06-30', 0.011, 0.27, '①comb', 0.281, ''), ('2018-09-30', 0.012, 0.518, '①comb', 0.53, '')] ... ('2025-06-30', 0.01, 0.658, '①comb', 0.668, '')
TRMB Information Technology  n=5 [('2020-10-02', 0.28, 1.391, '①comb', 1.67, ''), ('2021-04-02', 0.098, 1.292, '①comb', 1.389, ''), ('2021-07-02', 0.089, 1.292, '①comb', 1.381, '')] ... ('2022-04-01', 0.0, 1.294, '①comb', 1.294, '')
TTWO Communication Services  n=3 [('2022-06-30', 0.35, 2.936, '②ltd+stb', 3.285, ''), ('2022-09-30', 0.35, 2.936, '②ltd+stb', 3.285, ''), ('2022-12-31', 0.35, 2.736, '①comb', 3.101, '')]  
OMC Communication Services  n=9 [('2017-12-31', 0.012, 4.9, '②ltd+stb', 4.912, ''), ('2018-12-31', 0.508, 4.9, '②ltd+stb', 4.908, ''), ('2019-12-31', 0.01, 5.123, '②ltd+stb', 5.133, '')] ... ('2025-12-31', 0.062, 9.273, '②ltd+stb', 9.335, '')
VTR Real Estate  n=15 [('2017-03-31', 0.0, 11.944, '②ltd+stb', 11.944, ''), ('2017-06-30', 0.0, 11.908, '②ltd+stb', 11.908, ''), ('2017-09-30', 0.0, 11.424, '②ltd+stb', 11.424, '')] ... ('2025-12-31', 0.0, 13.011, '①comb', 13.011, '')
EQIX Real Estate  n=35 [('2017-03-31', 0.0, 7.649, '②ltd+stb', 7.649, ''), ('2017-06-30', 0.0, 7.728, '②ltd+stb', 7.728, ''), ('2017-09-30', 0.0, 8.449, '②ltd+stb', 8.449, '')] ... ('2025-09-30', 0.0, 17.328, '②ltd+stb', 17.328, '')
PTC Information Technology  n=29 [('2018-09-30', 0.0, 0.643, '②ltd+stb', 0.643, ''), ('2019-06-29', 0.0, 0.699, '②ltd+stb', 0.699, ''), ('2019-09-30', 0.0, 0.669, '②ltd+stb', 0.669, '')] ... ('2026-06-30', 0.025, 1.398, '①comb', 1.423, '')
A Health Care  n=17 [('2022-07-31', 0.18, 2.732, '②ltd+stb', 2.912, ''), ('2022-10-31', 0.036, 2.733, '②ltd+stb', 2.769, ''), ('2023-01-31', 0.238, 2.733, '②ltd+stb', 2.971, '')] ... ('2026-07-31', 0.304, 3.645, '②ltd+stb', 3.949, '')
DRI Consumer Discretionary  n=12 [('2023-05-28', 0.0, 0.885, '②ltd+stb', 0.885, ''), ('2023-08-27', 0.095, 1.477, '②ltd+stb', 1.573, ''), ('2023-11-26', 0.35, 1.368, '②ltd+stb', 1.718, '')] ... ('2026-02-22', 0.29, 2.141, '②ltd+stb', 2.431, '')
ADI Information Technology CARD n=7 [('2021-10-30', 0.0, 6.777, '②ltd+stb', 6.777, 'DC=0.52'), ('2022-01-29', 0.0, 6.277, '②ltd+stb', 6.277, 'DC=0.00'), ('2022-04-30', 0.0, 6.277, '②ltd+stb', 6.277, 'DC=0.00')] ... ('2023-07-29', 0.545, 6.517, '②ltd+stb', 7.062, '')
LITE Information Technology  n=17 [('2017-04-01', 0.0, 0.457, '②stbinc', 0.457, ''), ('2017-07-01', 0.0, 0.457, '②stbinc', 0.457, ''), ('2017-09-30', 0.0, 0.457, '②stbinc', 0.457, '')] ... ('2022-04-02', 0.0, 2.417, '②stbinc', 2.417, '')
HWM Industrials  n=1 [('2023-09-30', 0.0, 3.794, '②stbinc', 3.794, '')]  
KVUE Consumer Staples  n=4 [('2023-04-02', 0.0, 7.676, '②ltd+stb', 7.676, ''), ('2023-07-02', 0.754, 7.684, '①comb', 8.436, ''), ('2023-10-01', 0.515, 7.685, '①comb', 8.198, '')] ... ('2023-12-31', 0.6, 7.687, '①comb', 8.286, 'DC=0.60')
AME Industrials  n=1 [('2025-12-31', 1.074, 2.283, '②ltd+stb', 2.283, 'DC=1.21')]  
CHRW Industrials  n=3 [('2017-03-31', 0.0, 0.5, '②ltd+stb', 0.5, 'DC=0.74'), ('2017-06-30', 0.0, 0.75, '②ltd+stb', 0.75, 'DC=0.59'), ('2017-09-30', 0.0, 0.75, '②ltd+stb', 0.75, 'DC=0.72')]  
INTU Information Technology  n=19 [('2017-01-31', 0.0, 0.463, '②ltd+stb', 0.463, 'DC=0.69'), ('2017-04-30', 0.0, 0.45, '②ltd+stb', 0.45, 'DC=0.05'), ('2017-07-31', 0.0, 0.438, '②ltd+stb', 0.438, 'DC=0.05')] ... ('2022-04-30', 0.0, 6.853, '②ltd+stb', 6.853, '')
CPAY not triggered

# all triggered tickers: {'A': 17, 'ABT': 1, 'ADBE': 32, 'ADI': 7, 'ADSK': 30, 'AME': 1, 'APH': 4, 'AVB': 38, 'BXP': 5, 'CHRW': 3, 'CIEN': 2, 'COR': 1, 'CPT': 38, 'DG': 6, 'DRI': 12, 'EQIX': 35, 'EQR': 9, 'EXE': 1, 'EXPE': 6, 'EXR': 2, 'FICO': 20, 'FTV': 1, 'HAL': 4, 'HWM': 1, 'IBM': 10, 'IDXX': 2, 'INTU': 19, 'KLAC': 17, 'KVUE': 4, 'LIN': 12, 'LITE': 17, 'NRG': 1, 'NVDA': 14, 'O': 1, 'ODFL': 1, 'OMC': 9, 'PH': 13, 'PSA': 38, 'PTC': 29, 'RMD': 30, 'ROL': 8, 'TPR': 1, 'TRMB': 5, 'TSCO': 1, 'TTWO': 3, 'VTR': 15}
